Archive member included to satisfy reference by file (symbol)

/Applications/STM32CubeIDE.app/Contents/Eclipse/plugins/com.st.stm32cube.ide.mcu.externaltools.gnu-tools-for-stm32.7-2018-q2-update.macos64_1.0.0.201904181610/tools/bin/../lib/gcc/arm-none-eabi/7.3.1/../../../../arm-none-eabi/lib/thumb/v7e-m/fpv4-sp/hard/libc_nano.a(lib_a-errno.o)
                              Src/syscalls.o (__errno)
/Applications/STM32CubeIDE.app/Contents/Eclipse/plugins/com.st.stm32cube.ide.mcu.externaltools.gnu-tools-for-stm32.7-2018-q2-update.macos64_1.0.0.201904181610/tools/bin/../lib/gcc/arm-none-eabi/7.3.1/../../../../arm-none-eabi/lib/thumb/v7e-m/fpv4-sp/hard/libc_nano.a(lib_a-exit.o)
                              /Applications/STM32CubeIDE.app/Contents/Eclipse/plugins/com.st.stm32cube.ide.mcu.externaltools.gnu-tools-for-stm32.7-2018-q2-update.macos64_1.0.0.201904181610/tools/bin/../lib/gcc/arm-none-eabi/7.3.1/../../../../arm-none-eabi/lib/thumb/v7e-m/fpv4-sp/hard/crt0.o (exit)
/Applications/STM32CubeIDE.app/Contents/Eclipse/plugins/com.st.stm32cube.ide.mcu.externaltools.gnu-tools-for-stm32.7-2018-q2-update.macos64_1.0.0.201904181610/tools/bin/../lib/gcc/arm-none-eabi/7.3.1/../../../../arm-none-eabi/lib/thumb/v7e-m/fpv4-sp/hard/libc_nano.a(lib_a-impure.o)
                              /Applications/STM32CubeIDE.app/Contents/Eclipse/plugins/com.st.stm32cube.ide.mcu.externaltools.gnu-tools-for-stm32.7-2018-q2-update.macos64_1.0.0.201904181610/tools/bin/../lib/gcc/arm-none-eabi/7.3.1/../../../../arm-none-eabi/lib/thumb/v7e-m/fpv4-sp/hard/libc_nano.a(lib_a-exit.o) (_global_impure_ptr)
/Applications/STM32CubeIDE.app/Contents/Eclipse/plugins/com.st.stm32cube.ide.mcu.externaltools.gnu-tools-for-stm32.7-2018-q2-update.macos64_1.0.0.201904181610/tools/bin/../lib/gcc/arm-none-eabi/7.3.1/../../../../arm-none-eabi/lib/thumb/v7e-m/fpv4-sp/hard/libc_nano.a(lib_a-init.o)
                              /Applications/STM32CubeIDE.app/Contents/Eclipse/plugins/com.st.stm32cube.ide.mcu.externaltools.gnu-tools-for-stm32.7-2018-q2-update.macos64_1.0.0.201904181610/tools/bin/../lib/gcc/arm-none-eabi/7.3.1/../../../../arm-none-eabi/lib/thumb/v7e-m/fpv4-sp/hard/crt0.o (__libc_init_array)
/Applications/STM32CubeIDE.app/Contents/Eclipse/plugins/com.st.stm32cube.ide.mcu.externaltools.gnu-tools-for-stm32.7-2018-q2-update.macos64_1.0.0.201904181610/tools/bin/../lib/gcc/arm-none-eabi/7.3.1/../../../../arm-none-eabi/lib/thumb/v7e-m/fpv4-sp/hard/libc_nano.a(lib_a-memset.o)
                              /Applications/STM32CubeIDE.app/Contents/Eclipse/plugins/com.st.stm32cube.ide.mcu.externaltools.gnu-tools-for-stm32.7-2018-q2-update.macos64_1.0.0.201904181610/tools/bin/../lib/gcc/arm-none-eabi/7.3.1/../../../../arm-none-eabi/lib/thumb/v7e-m/fpv4-sp/hard/crt0.o (memset)
/Applications/STM32CubeIDE.app/Contents/Eclipse/plugins/com.st.stm32cube.ide.mcu.externaltools.gnu-tools-for-stm32.7-2018-q2-update.macos64_1.0.0.201904181610/tools/bin/../lib/gcc/arm-none-eabi/7.3.1/../../../../arm-none-eabi/lib/thumb/v7e-m/fpv4-sp/hard/libc_nano.a(lib_a-strlen.o)
                              Src/I2C_masterTX_test.o (strlen)

Allocating common symbols
Common symbol       size              file

I2C1Handle          0x28              Src/I2C_masterTX_test.o

Discarded input sections

 .text          0x0000000000000000        0x0 /Applications/STM32CubeIDE.app/Contents/Eclipse/plugins/com.st.stm32cube.ide.mcu.externaltools.gnu-tools-for-stm32.7-2018-q2-update.macos64_1.0.0.201904181610/tools/bin/../lib/gcc/arm-none-eabi/7.3.1/thumb/v7e-m/fpv4-sp/hard/crti.o
 .data          0x0000000000000000        0x0 /Applications/STM32CubeIDE.app/Contents/Eclipse/plugins/com.st.stm32cube.ide.mcu.externaltools.gnu-tools-for-stm32.7-2018-q2-update.macos64_1.0.0.201904181610/tools/bin/../lib/gcc/arm-none-eabi/7.3.1/thumb/v7e-m/fpv4-sp/hard/crti.o
 .bss           0x0000000000000000        0x0 /Applications/STM32CubeIDE.app/Contents/Eclipse/plugins/com.st.stm32cube.ide.mcu.externaltools.gnu-tools-for-stm32.7-2018-q2-update.macos64_1.0.0.201904181610/tools/bin/../lib/gcc/arm-none-eabi/7.3.1/thumb/v7e-m/fpv4-sp/hard/crti.o
 .data          0x0000000000000000        0x4 /Applications/STM32CubeIDE.app/Contents/Eclipse/plugins/com.st.stm32cube.ide.mcu.externaltools.gnu-tools-for-stm32.7-2018-q2-update.macos64_1.0.0.201904181610/tools/bin/../lib/gcc/arm-none-eabi/7.3.1/thumb/v7e-m/fpv4-sp/hard/crtbegin.o
 .text          0x0000000000000000       0x74 /Applications/STM32CubeIDE.app/Contents/Eclipse/plugins/com.st.stm32cube.ide.mcu.externaltools.gnu-tools-for-stm32.7-2018-q2-update.macos64_1.0.0.201904181610/tools/bin/../lib/gcc/arm-none-eabi/7.3.1/../../../../arm-none-eabi/lib/thumb/v7e-m/fpv4-sp/hard/crt0.o
 .data          0x0000000000000000        0x0 /Applications/STM32CubeIDE.app/Contents/Eclipse/plugins/com.st.stm32cube.ide.mcu.externaltools.gnu-tools-for-stm32.7-2018-q2-update.macos64_1.0.0.201904181610/tools/bin/../lib/gcc/arm-none-eabi/7.3.1/../../../../arm-none-eabi/lib/thumb/v7e-m/fpv4-sp/hard/crt0.o
 .bss           0x0000000000000000        0x0 /Applications/STM32CubeIDE.app/Contents/Eclipse/plugins/com.st.stm32cube.ide.mcu.externaltools.gnu-tools-for-stm32.7-2018-q2-update.macos64_1.0.0.201904181610/tools/bin/../lib/gcc/arm-none-eabi/7.3.1/../../../../arm-none-eabi/lib/thumb/v7e-m/fpv4-sp/hard/crt0.o
 .ARM.extab     0x0000000000000000        0x0 /Applications/STM32CubeIDE.app/Contents/Eclipse/plugins/com.st.stm32cube.ide.mcu.externaltools.gnu-tools-for-stm32.7-2018-q2-update.macos64_1.0.0.201904181610/tools/bin/../lib/gcc/arm-none-eabi/7.3.1/../../../../arm-none-eabi/lib/thumb/v7e-m/fpv4-sp/hard/crt0.o
 .ARM.exidx     0x0000000000000000        0x8 /Applications/STM32CubeIDE.app/Contents/Eclipse/plugins/com.st.stm32cube.ide.mcu.externaltools.gnu-tools-for-stm32.7-2018-q2-update.macos64_1.0.0.201904181610/tools/bin/../lib/gcc/arm-none-eabi/7.3.1/../../../../arm-none-eabi/lib/thumb/v7e-m/fpv4-sp/hard/crt0.o
 .ARM.attributes
                0x0000000000000000       0x20 /Applications/STM32CubeIDE.app/Contents/Eclipse/plugins/com.st.stm32cube.ide.mcu.externaltools.gnu-tools-for-stm32.7-2018-q2-update.macos64_1.0.0.201904181610/tools/bin/../lib/gcc/arm-none-eabi/7.3.1/../../../../arm-none-eabi/lib/thumb/v7e-m/fpv4-sp/hard/crt0.o
 .group         0x0000000000000000        0xc Src/001ledtoggle.o
 .group         0x0000000000000000        0xc Src/001ledtoggle.o
 .group         0x0000000000000000        0xc Src/001ledtoggle.o
 .group         0x0000000000000000        0xc Src/001ledtoggle.o
 .group         0x0000000000000000        0xc Src/001ledtoggle.o
 .group         0x0000000000000000        0xc Src/001ledtoggle.o
 .group         0x0000000000000000        0xc Src/001ledtoggle.o
 .group         0x0000000000000000        0xc Src/001ledtoggle.o
 .group         0x0000000000000000        0xc Src/001ledtoggle.o
 .group         0x0000000000000000        0xc Src/001ledtoggle.o
 .group         0x0000000000000000        0xc Src/001ledtoggle.o
 .group         0x0000000000000000        0xc Src/001ledtoggle.o
 .text          0x0000000000000000        0x0 Src/001ledtoggle.o
 .data          0x0000000000000000        0x0 Src/001ledtoggle.o
 .bss           0x0000000000000000        0x0 Src/001ledtoggle.o
 .text.delay    0x0000000000000000       0x2c Src/001ledtoggle.o
 .text.waitMicrosecond
                0x0000000000000000       0x2a Src/001ledtoggle.o
 .text.main1    0x0000000000000000       0x44 Src/001ledtoggle.o
 .group         0x0000000000000000        0xc Src/I2C_masterTX_test.o
 .group         0x0000000000000000        0xc Src/I2C_masterTX_test.o
 .group         0x0000000000000000        0xc Src/I2C_masterTX_test.o
 .group         0x0000000000000000        0xc Src/I2C_masterTX_test.o
 .group         0x0000000000000000        0xc Src/I2C_masterTX_test.o
 .group         0x0000000000000000        0xc Src/I2C_masterTX_test.o
 .group         0x0000000000000000        0xc Src/I2C_masterTX_test.o
 .group         0x0000000000000000        0xc Src/I2C_masterTX_test.o
 .group         0x0000000000000000        0xc Src/I2C_masterTX_test.o
 .group         0x0000000000000000        0xc Src/I2C_masterTX_test.o
 .group         0x0000000000000000        0xc Src/I2C_masterTX_test.o
 .group         0x0000000000000000        0xc Src/I2C_masterTX_test.o
 .group         0x0000000000000000        0xc Src/I2C_masterTX_test.o
 .group         0x0000000000000000        0xc Src/I2C_masterTX_test.o
 .group         0x0000000000000000        0xc Src/I2C_masterTX_test.o
 .group         0x0000000000000000        0xc Src/I2C_masterTX_test.o
 .group         0x0000000000000000        0xc Src/I2C_masterTX_test.o
 .group         0x0000000000000000        0xc Src/I2C_masterTX_test.o
 .group         0x0000000000000000        0xc Src/I2C_masterTX_test.o
 .group         0x0000000000000000        0xc Src/I2C_masterTX_test.o
 .group         0x0000000000000000        0xc Src/I2C_masterTX_test.o
 .group         0x0000000000000000        0xc Src/I2C_masterTX_test.o
 .group         0x0000000000000000        0xc Src/I2C_masterTX_test.o
 .group         0x0000000000000000        0xc Src/I2C_masterTX_test.o
 .group         0x0000000000000000        0xc Src/I2C_masterTX_test.o
 .group         0x0000000000000000        0xc Src/I2C_masterTX_test.o
 .group         0x0000000000000000        0xc Src/I2C_masterTX_test.o
 .group         0x0000000000000000        0xc Src/I2C_masterTX_test.o
 .group         0x0000000000000000        0xc Src/I2C_masterTX_test.o
 .group         0x0000000000000000        0xc Src/I2C_masterTX_test.o
 .group         0x0000000000000000        0xc Src/I2C_masterTX_test.o
 .group         0x0000000000000000        0xc Src/I2C_masterTX_test.o
 .group         0x0000000000000000        0xc Src/I2C_masterTX_test.o
 .group         0x0000000000000000        0xc Src/I2C_masterTX_test.o
 .group         0x0000000000000000        0xc Src/I2C_masterTX_test.o
 .group         0x0000000000000000        0xc Src/I2C_masterTX_test.o
 .group         0x0000000000000000        0xc Src/I2C_masterTX_test.o
 .group         0x0000000000000000        0xc Src/I2C_masterTX_test.o
 .group         0x0000000000000000        0xc Src/I2C_masterTX_test.o
 .text          0x0000000000000000        0x0 Src/I2C_masterTX_test.o
 .data          0x0000000000000000        0x0 Src/I2C_masterTX_test.o
 .bss           0x0000000000000000        0x0 Src/I2C_masterTX_test.o
 .debug_macro   0x0000000000000000      0xa66 Src/I2C_masterTX_test.o
 .debug_macro   0x0000000000000000       0x22 Src/I2C_masterTX_test.o
 .debug_macro   0x0000000000000000       0x6a Src/I2C_masterTX_test.o
 .debug_macro   0x0000000000000000       0xef Src/I2C_masterTX_test.o
 .debug_macro   0x0000000000000000      0x1df Src/I2C_masterTX_test.o
 .debug_macro   0x0000000000000000      0x50d Src/I2C_masterTX_test.o
 .debug_macro   0x0000000000000000       0xd6 Src/I2C_masterTX_test.o
 .debug_macro   0x0000000000000000       0xca Src/I2C_masterTX_test.o
 .debug_macro   0x0000000000000000       0xd6 Src/I2C_masterTX_test.o
 .group         0x0000000000000000        0xc Src/SPI_testing.o
 .group         0x0000000000000000        0xc Src/SPI_testing.o
 .group         0x0000000000000000        0xc Src/SPI_testing.o
 .group         0x0000000000000000        0xc Src/SPI_testing.o
 .group         0x0000000000000000        0xc Src/SPI_testing.o
 .group         0x0000000000000000        0xc Src/SPI_testing.o
 .group         0x0000000000000000        0xc Src/SPI_testing.o
 .group         0x0000000000000000        0xc Src/SPI_testing.o
 .group         0x0000000000000000        0xc Src/SPI_testing.o
 .group         0x0000000000000000        0xc Src/SPI_testing.o
 .group         0x0000000000000000        0xc Src/SPI_testing.o
 .group         0x0000000000000000        0xc Src/SPI_testing.o
 .group         0x0000000000000000        0xc Src/SPI_testing.o
 .group         0x0000000000000000        0xc Src/SPI_testing.o
 .group         0x0000000000000000        0xc Src/SPI_testing.o
 .group         0x0000000000000000        0xc Src/SPI_testing.o
 .group         0x0000000000000000        0xc Src/SPI_testing.o
 .group         0x0000000000000000        0xc Src/SPI_testing.o
 .group         0x0000000000000000        0xc Src/SPI_testing.o
 .group         0x0000000000000000        0xc Src/SPI_testing.o
 .group         0x0000000000000000        0xc Src/SPI_testing.o
 .group         0x0000000000000000        0xc Src/SPI_testing.o
 .group         0x0000000000000000        0xc Src/SPI_testing.o
 .group         0x0000000000000000        0xc Src/SPI_testing.o
 .group         0x0000000000000000        0xc Src/SPI_testing.o
 .text          0x0000000000000000        0x0 Src/SPI_testing.o
 .data          0x0000000000000000        0x0 Src/SPI_testing.o
 .bss           0x0000000000000000        0x0 Src/SPI_testing.o
 .text.SPI2_GPIOInit
                0x0000000000000000       0x5c Src/SPI_testing.o
 .text.SPI2_Init
                0x0000000000000000       0x3c Src/SPI_testing.o
 .rodata        0x0000000000000000        0xc Src/SPI_testing.o
 .text.main2    0x0000000000000000       0x50 Src/SPI_testing.o
 .debug_info    0x0000000000000000      0xbb5 Src/SPI_testing.o
 .debug_abbrev  0x0000000000000000      0x1a6 Src/SPI_testing.o
 .debug_aranges
                0x0000000000000000       0x30 Src/SPI_testing.o
 .debug_ranges  0x0000000000000000       0x20 Src/SPI_testing.o
 .debug_macro   0x0000000000000000      0x164 Src/SPI_testing.o
 .debug_macro   0x0000000000000000      0xa66 Src/SPI_testing.o
 .debug_macro   0x0000000000000000       0x22 Src/SPI_testing.o
 .debug_macro   0x0000000000000000       0x8e Src/SPI_testing.o
 .debug_macro   0x0000000000000000       0x51 Src/SPI_testing.o
 .debug_macro   0x0000000000000000       0xef Src/SPI_testing.o
 .debug_macro   0x0000000000000000       0x6a Src/SPI_testing.o
 .debug_macro   0x0000000000000000      0x1df Src/SPI_testing.o
 .debug_macro   0x0000000000000000      0x174 Src/SPI_testing.o
 .debug_macro   0x0000000000000000      0x50d Src/SPI_testing.o
 .debug_macro   0x0000000000000000       0xd6 Src/SPI_testing.o
 .debug_macro   0x0000000000000000       0xca Src/SPI_testing.o
 .debug_macro   0x0000000000000000       0xd6 Src/SPI_testing.o
 .debug_macro   0x0000000000000000       0x46 Src/SPI_testing.o
 .debug_macro   0x0000000000000000       0x18 Src/SPI_testing.o
 .debug_macro   0x0000000000000000       0x3c Src/SPI_testing.o
 .debug_macro   0x0000000000000000       0x34 Src/SPI_testing.o
 .debug_macro   0x0000000000000000       0x52 Src/SPI_testing.o
 .debug_macro   0x0000000000000000       0x1f Src/SPI_testing.o
 .debug_macro   0x0000000000000000       0x43 Src/SPI_testing.o
 .debug_macro   0x0000000000000000       0x20 Src/SPI_testing.o
 .debug_macro   0x0000000000000000      0x1a3 Src/SPI_testing.o
 .debug_macro   0x0000000000000000      0x330 Src/SPI_testing.o
 .debug_macro   0x0000000000000000       0x10 Src/SPI_testing.o
 .debug_macro   0x0000000000000000       0x35 Src/SPI_testing.o
 .debug_macro   0x0000000000000000       0x20 Src/SPI_testing.o
 .debug_line    0x0000000000000000      0x612 Src/SPI_testing.o
 .debug_str     0x0000000000000000     0x92aa Src/SPI_testing.o
 .comment       0x0000000000000000       0x7c Src/SPI_testing.o
 .debug_frame   0x0000000000000000       0x78 Src/SPI_testing.o
 .ARM.attributes
                0x0000000000000000       0x39 Src/SPI_testing.o
 .group         0x0000000000000000        0xc Src/syscalls.o
 .group         0x0000000000000000        0xc Src/syscalls.o
 .group         0x0000000000000000        0xc Src/syscalls.o
 .group         0x0000000000000000        0xc Src/syscalls.o
 .group         0x0000000000000000        0xc Src/syscalls.o
 .group         0x0000000000000000        0xc Src/syscalls.o
 .group         0x0000000000000000        0xc Src/syscalls.o
 .group         0x0000000000000000        0xc Src/syscalls.o
 .group         0x0000000000000000        0xc Src/syscalls.o
 .group         0x0000000000000000        0xc Src/syscalls.o
 .group         0x0000000000000000        0xc Src/syscalls.o
 .group         0x0000000000000000        0xc Src/syscalls.o
 .group         0x0000000000000000        0xc Src/syscalls.o
 .group         0x0000000000000000        0xc Src/syscalls.o
 .group         0x0000000000000000        0xc Src/syscalls.o
 .group         0x0000000000000000        0xc Src/syscalls.o
 .group         0x0000000000000000        0xc Src/syscalls.o
 .group         0x0000000000000000        0xc Src/syscalls.o
 .group         0x0000000000000000        0xc Src/syscalls.o
 .group         0x0000000000000000        0xc Src/syscalls.o
 .group         0x0000000000000000        0xc Src/syscalls.o
 .group         0x0000000000000000        0xc Src/syscalls.o
 .group         0x0000000000000000        0xc Src/syscalls.o
 .group         0x0000000000000000        0xc Src/syscalls.o
 .group         0x0000000000000000        0xc Src/syscalls.o
 .group         0x0000000000000000        0xc Src/syscalls.o
 .group         0x0000000000000000        0xc Src/syscalls.o
 .group         0x0000000000000000        0xc Src/syscalls.o
 .group         0x0000000000000000        0xc Src/syscalls.o
 .group         0x0000000000000000        0xc Src/syscalls.o
 .group         0x0000000000000000        0xc Src/syscalls.o
 .group         0x0000000000000000        0xc Src/syscalls.o
 .group         0x0000000000000000        0xc Src/syscalls.o
 .group         0x0000000000000000        0xc Src/syscalls.o
 .group         0x0000000000000000        0xc Src/syscalls.o
 .group         0x0000000000000000        0xc Src/syscalls.o
 .group         0x0000000000000000        0xc Src/syscalls.o
 .group         0x0000000000000000        0xc Src/syscalls.o
 .group         0x0000000000000000        0xc Src/syscalls.o
 .group         0x0000000000000000        0xc Src/syscalls.o
 .group         0x0000000000000000        0xc Src/syscalls.o
 .group         0x0000000000000000        0xc Src/syscalls.o
 .group         0x0000000000000000        0xc Src/syscalls.o
 .group         0x0000000000000000        0xc Src/syscalls.o
 .text          0x0000000000000000        0x0 Src/syscalls.o
 .data          0x0000000000000000        0x0 Src/syscalls.o
 .bss           0x0000000000000000        0x0 Src/syscalls.o
 .bss.__env     0x0000000000000000        0x4 Src/syscalls.o
 .data.environ  0x0000000000000000        0x4 Src/syscalls.o
 .text.initialise_monitor_handles
                0x0000000000000000        0xe Src/syscalls.o
 .text._getpid  0x0000000000000000       0x10 Src/syscalls.o
 .text._kill    0x0000000000000000       0x20 Src/syscalls.o
 .text._exit    0x0000000000000000       0x14 Src/syscalls.o
 .text._read    0x0000000000000000       0x3a Src/syscalls.o
 .text._write   0x0000000000000000       0x38 Src/syscalls.o
 .text._close   0x0000000000000000       0x18 Src/syscalls.o
 .text._fstat   0x0000000000000000       0x20 Src/syscalls.o
 .text._isatty  0x0000000000000000       0x16 Src/syscalls.o
 .text._lseek   0x0000000000000000       0x1a Src/syscalls.o
 .text._open    0x0000000000000000       0x1c Src/syscalls.o
 .text._wait    0x0000000000000000       0x1e Src/syscalls.o
 .text._unlink  0x0000000000000000       0x1e Src/syscalls.o
 .text._times   0x0000000000000000       0x18 Src/syscalls.o
 .text._stat    0x0000000000000000       0x20 Src/syscalls.o
 .text._link    0x0000000000000000       0x20 Src/syscalls.o
 .text._fork    0x0000000000000000       0x16 Src/syscalls.o
 .text._execve  0x0000000000000000       0x22 Src/syscalls.o
 .debug_info    0x0000000000000000      0xebd Src/syscalls.o
 .debug_abbrev  0x0000000000000000      0x261 Src/syscalls.o
 .debug_aranges
                0x0000000000000000       0xa8 Src/syscalls.o
 .debug_ranges  0x0000000000000000       0x98 Src/syscalls.o
 .debug_macro   0x0000000000000000      0x243 Src/syscalls.o
 .debug_macro   0x0000000000000000      0xa66 Src/syscalls.o
 .debug_macro   0x0000000000000000       0x22 Src/syscalls.o
 .debug_macro   0x0000000000000000       0x40 Src/syscalls.o
 .debug_macro   0x0000000000000000       0x18 Src/syscalls.o
 .debug_macro   0x0000000000000000       0x94 Src/syscalls.o
 .debug_macro   0x0000000000000000       0x3c Src/syscalls.o
 .debug_macro   0x0000000000000000       0x34 Src/syscalls.o
 .debug_macro   0x0000000000000000       0x57 Src/syscalls.o
 .debug_macro   0x0000000000000000      0x174 Src/syscalls.o
 .debug_macro   0x0000000000000000      0x330 Src/syscalls.o
 .debug_macro   0x0000000000000000       0x52 Src/syscalls.o
 .debug_macro   0x0000000000000000       0x1f Src/syscalls.o
 .debug_macro   0x0000000000000000       0x43 Src/syscalls.o
 .debug_macro   0x0000000000000000       0x20 Src/syscalls.o
 .debug_macro   0x0000000000000000      0x1a3 Src/syscalls.o
 .debug_macro   0x0000000000000000       0x10 Src/syscalls.o
 .debug_macro   0x0000000000000000       0x35 Src/syscalls.o
 .debug_macro   0x0000000000000000       0x10 Src/syscalls.o
 .debug_macro   0x0000000000000000       0x10 Src/syscalls.o
 .debug_macro   0x0000000000000000       0x10 Src/syscalls.o
 .debug_macro   0x0000000000000000       0x6a Src/syscalls.o
 .debug_macro   0x0000000000000000       0x1c Src/syscalls.o
 .debug_macro   0x0000000000000000       0x52 Src/syscalls.o
 .debug_macro   0x0000000000000000       0x40 Src/syscalls.o
 .debug_macro   0x0000000000000000       0x10 Src/syscalls.o
 .debug_macro   0x0000000000000000       0x40 Src/syscalls.o
 .debug_macro   0x0000000000000000       0xd7 Src/syscalls.o
 .debug_macro   0x0000000000000000       0x1c Src/syscalls.o
 .debug_macro   0x0000000000000000       0x3d Src/syscalls.o
 .debug_macro   0x0000000000000000       0x35 Src/syscalls.o
 .debug_macro   0x0000000000000000      0x122 Src/syscalls.o
 .debug_macro   0x0000000000000000       0x16 Src/syscalls.o
 .debug_macro   0x0000000000000000       0x16 Src/syscalls.o
 .debug_macro   0x0000000000000000       0x29 Src/syscalls.o
 .debug_macro   0x0000000000000000       0x10 Src/syscalls.o
 .debug_macro   0x0000000000000000      0x241 Src/syscalls.o
 .debug_macro   0x0000000000000000       0x1c Src/syscalls.o
 .debug_macro   0x0000000000000000       0x10 Src/syscalls.o
 .debug_macro   0x0000000000000000       0x10 Src/syscalls.o
 .debug_macro   0x0000000000000000       0x16 Src/syscalls.o
 .debug_macro   0x0000000000000000      0x145 Src/syscalls.o
 .debug_macro   0x0000000000000000      0x189 Src/syscalls.o
 .debug_macro   0x0000000000000000       0x16 Src/syscalls.o
 .debug_macro   0x0000000000000000       0x88 Src/syscalls.o
 .debug_line    0x0000000000000000      0x779 Src/syscalls.o
 .debug_str     0x0000000000000000     0x88b2 Src/syscalls.o
 .comment       0x0000000000000000       0x7c Src/syscalls.o
 .debug_frame   0x0000000000000000      0x2ac Src/syscalls.o
 .ARM.attributes
                0x0000000000000000       0x39 Src/syscalls.o
 .group         0x0000000000000000        0xc Src/sysmem.o
 .group         0x0000000000000000        0xc Src/sysmem.o
 .group         0x0000000000000000        0xc Src/sysmem.o
 .group         0x0000000000000000        0xc Src/sysmem.o
 .group         0x0000000000000000        0xc Src/sysmem.o
 .group         0x0000000000000000        0xc Src/sysmem.o
 .group         0x0000000000000000        0xc Src/sysmem.o
 .group         0x0000000000000000        0xc Src/sysmem.o
 .group         0x0000000000000000        0xc Src/sysmem.o
 .group         0x0000000000000000        0xc Src/sysmem.o
 .group         0x0000000000000000        0xc Src/sysmem.o
 .group         0x0000000000000000        0xc Src/sysmem.o
 .group         0x0000000000000000        0xc Src/sysmem.o
 .group         0x0000000000000000        0xc Src/sysmem.o
 .group         0x0000000000000000        0xc Src/sysmem.o
 .group         0x0000000000000000        0xc Src/sysmem.o
 .group         0x0000000000000000        0xc Src/sysmem.o
 .group         0x0000000000000000        0xc Src/sysmem.o
 .group         0x0000000000000000        0xc Src/sysmem.o
 .group         0x0000000000000000        0xc Src/sysmem.o
 .group         0x0000000000000000        0xc Src/sysmem.o
 .group         0x0000000000000000        0xc Src/sysmem.o
 .group         0x0000000000000000        0xc Src/sysmem.o
 .group         0x0000000000000000        0xc Src/sysmem.o
 .group         0x0000000000000000        0xc Src/sysmem.o
 .group         0x0000000000000000        0xc Src/sysmem.o
 .group         0x0000000000000000        0xc Src/sysmem.o
 .group         0x0000000000000000        0xc Src/sysmem.o
 .group         0x0000000000000000        0xc Src/sysmem.o
 .group         0x0000000000000000        0xc Src/sysmem.o
 .group         0x0000000000000000        0xc Src/sysmem.o
 .group         0x0000000000000000        0xc Src/sysmem.o
 .text          0x0000000000000000        0x0 Src/sysmem.o
 .data          0x0000000000000000        0x0 Src/sysmem.o
 .bss           0x0000000000000000        0x0 Src/sysmem.o
 .bss.heap_end.6424
                0x0000000000000000        0x4 Src/sysmem.o
 .text._sbrk    0x0000000000000000       0x58 Src/sysmem.o
 .debug_info    0x0000000000000000      0x91c Src/sysmem.o
 .debug_abbrev  0x0000000000000000      0x1bb Src/sysmem.o
 .debug_aranges
                0x0000000000000000       0x20 Src/sysmem.o
 .debug_ranges  0x0000000000000000       0x10 Src/sysmem.o
 .debug_macro   0x0000000000000000      0x1ae Src/sysmem.o
 .debug_macro   0x0000000000000000      0xa66 Src/sysmem.o
 .debug_macro   0x0000000000000000       0x10 Src/sysmem.o
 .debug_macro   0x0000000000000000       0x22 Src/sysmem.o
 .debug_macro   0x0000000000000000       0x40 Src/sysmem.o
 .debug_macro   0x0000000000000000       0x18 Src/sysmem.o
 .debug_macro   0x0000000000000000       0x94 Src/sysmem.o
 .debug_macro   0x0000000000000000       0x3c Src/sysmem.o
 .debug_macro   0x0000000000000000       0x34 Src/sysmem.o
 .debug_macro   0x0000000000000000      0x174 Src/sysmem.o
 .debug_macro   0x0000000000000000       0x57 Src/sysmem.o
 .debug_macro   0x0000000000000000       0x52 Src/sysmem.o
 .debug_macro   0x0000000000000000       0x1f Src/sysmem.o
 .debug_macro   0x0000000000000000       0x43 Src/sysmem.o
 .debug_macro   0x0000000000000000       0x20 Src/sysmem.o
 .debug_macro   0x0000000000000000      0x1a3 Src/sysmem.o
 .debug_macro   0x0000000000000000      0x23b Src/sysmem.o
 .debug_macro   0x0000000000000000       0x16 Src/sysmem.o
 .debug_macro   0x0000000000000000       0x35 Src/sysmem.o
 .debug_macro   0x0000000000000000      0x330 Src/sysmem.o
 .debug_macro   0x0000000000000000       0x10 Src/sysmem.o
 .debug_macro   0x0000000000000000       0x10 Src/sysmem.o
 .debug_macro   0x0000000000000000       0x6a Src/sysmem.o
 .debug_macro   0x0000000000000000       0x1c Src/sysmem.o
 .debug_macro   0x0000000000000000       0x52 Src/sysmem.o
 .debug_macro   0x0000000000000000       0x40 Src/sysmem.o
 .debug_macro   0x0000000000000000       0x10 Src/sysmem.o
 .debug_macro   0x0000000000000000       0x40 Src/sysmem.o
 .debug_macro   0x0000000000000000       0xd7 Src/sysmem.o
 .debug_macro   0x0000000000000000       0x1c Src/sysmem.o
 .debug_macro   0x0000000000000000       0x3d Src/sysmem.o
 .debug_macro   0x0000000000000000       0x16 Src/sysmem.o
 .debug_macro   0x0000000000000000      0x145 Src/sysmem.o
 .debug_line    0x0000000000000000      0x595 Src/sysmem.o
 .debug_str     0x0000000000000000     0x7b0b Src/sysmem.o
 .comment       0x0000000000000000       0x7c Src/sysmem.o
 .debug_frame   0x0000000000000000       0x34 Src/sysmem.o
 .ARM.attributes
                0x0000000000000000       0x39 Src/sysmem.o
 .text          0x0000000000000000       0x14 Startup/startup_stm32f407vgtx.o
 .data          0x0000000000000000        0x0 Startup/startup_stm32f407vgtx.o
 .bss           0x0000000000000000        0x0 Startup/startup_stm32f407vgtx.o
 .group         0x0000000000000000        0xc drivers/src/st32f407xx_gpio_driver.o
 .group         0x0000000000000000        0xc drivers/src/st32f407xx_gpio_driver.o
 .group         0x0000000000000000        0xc drivers/src/st32f407xx_gpio_driver.o
 .group         0x0000000000000000        0xc drivers/src/st32f407xx_gpio_driver.o
 .group         0x0000000000000000        0xc drivers/src/st32f407xx_gpio_driver.o
 .group         0x0000000000000000        0xc drivers/src/st32f407xx_gpio_driver.o
 .group         0x0000000000000000        0xc drivers/src/st32f407xx_gpio_driver.o
 .group         0x0000000000000000        0xc drivers/src/st32f407xx_gpio_driver.o
 .group         0x0000000000000000        0xc drivers/src/st32f407xx_gpio_driver.o
 .group         0x0000000000000000        0xc drivers/src/st32f407xx_gpio_driver.o
 .group         0x0000000000000000        0xc drivers/src/st32f407xx_gpio_driver.o
 .group         0x0000000000000000        0xc drivers/src/st32f407xx_gpio_driver.o
 .text          0x0000000000000000        0x0 drivers/src/st32f407xx_gpio_driver.o
 .data          0x0000000000000000        0x0 drivers/src/st32f407xx_gpio_driver.o
 .bss           0x0000000000000000        0x0 drivers/src/st32f407xx_gpio_driver.o
 .text.GPIO_DeInit
                0x0000000000000000      0x16c drivers/src/st32f407xx_gpio_driver.o
 .text.GPIO_ReadFromInputPort
                0x0000000000000000       0x1c drivers/src/st32f407xx_gpio_driver.o
 .text.GPIO_WrtieToOutputPin
                0x0000000000000000       0x4a drivers/src/st32f407xx_gpio_driver.o
 .text.GPIO_WriteToOutputPort
                0x0000000000000000       0x1e drivers/src/st32f407xx_gpio_driver.o
 .text.GPIO_ToggleOutputPin
                0x0000000000000000       0x2a drivers/src/st32f407xx_gpio_driver.o
 .text.GPIO_IRQConfig
                0x0000000000000000      0x10c drivers/src/st32f407xx_gpio_driver.o
 .text.GPIO_IRQPriorityConfig
                0x0000000000000000       0x48 drivers/src/st32f407xx_gpio_driver.o
 .debug_macro   0x0000000000000000      0xa66 drivers/src/st32f407xx_gpio_driver.o
 .debug_macro   0x0000000000000000       0x22 drivers/src/st32f407xx_gpio_driver.o
 .debug_macro   0x0000000000000000       0x8e drivers/src/st32f407xx_gpio_driver.o
 .debug_macro   0x0000000000000000       0x51 drivers/src/st32f407xx_gpio_driver.o
 .debug_macro   0x0000000000000000       0xef drivers/src/st32f407xx_gpio_driver.o
 .debug_macro   0x0000000000000000       0x6a drivers/src/st32f407xx_gpio_driver.o
 .debug_macro   0x0000000000000000      0x1df drivers/src/st32f407xx_gpio_driver.o
 .debug_macro   0x0000000000000000      0x174 drivers/src/st32f407xx_gpio_driver.o
 .debug_macro   0x0000000000000000      0x50d drivers/src/st32f407xx_gpio_driver.o
 .debug_macro   0x0000000000000000       0xd6 drivers/src/st32f407xx_gpio_driver.o
 .debug_macro   0x0000000000000000       0xd6 drivers/src/st32f407xx_gpio_driver.o
 .group         0x0000000000000000        0xc drivers/src/stm32f407_i2c_driver.o
 .group         0x0000000000000000        0xc drivers/src/stm32f407_i2c_driver.o
 .group         0x0000000000000000        0xc drivers/src/stm32f407_i2c_driver.o
 .group         0x0000000000000000        0xc drivers/src/stm32f407_i2c_driver.o
 .group         0x0000000000000000        0xc drivers/src/stm32f407_i2c_driver.o
 .group         0x0000000000000000        0xc drivers/src/stm32f407_i2c_driver.o
 .group         0x0000000000000000        0xc drivers/src/stm32f407_i2c_driver.o
 .group         0x0000000000000000        0xc drivers/src/stm32f407_i2c_driver.o
 .group         0x0000000000000000        0xc drivers/src/stm32f407_i2c_driver.o
 .group         0x0000000000000000        0xc drivers/src/stm32f407_i2c_driver.o
 .group         0x0000000000000000        0xc drivers/src/stm32f407_i2c_driver.o
 .group         0x0000000000000000        0xc drivers/src/stm32f407_i2c_driver.o
 .text          0x0000000000000000        0x0 drivers/src/stm32f407_i2c_driver.o
 .data          0x0000000000000000        0x0 drivers/src/stm32f407_i2c_driver.o
 .bss           0x0000000000000000        0x0 drivers/src/stm32f407_i2c_driver.o
 .text.I2C_ExecuteAddressPhaseRead
                0x0000000000000000       0x2c drivers/src/stm32f407_i2c_driver.o
 .text.I2C_SlaveEnableDisableCallbackEvents
                0x0000000000000000       0x68 drivers/src/stm32f407_i2c_driver.o
 .text.I2C_DeInit
                0x0000000000000000       0x14 drivers/src/stm32f407_i2c_driver.o
 .text.I2C_MasterReceiveData
                0x0000000000000000      0x124 drivers/src/stm32f407_i2c_driver.o
 .text.I2C_IRQInterruptConfig
                0x0000000000000000      0x10c drivers/src/stm32f407_i2c_driver.o
 .text.I2C_IRQPriorityConfig
                0x0000000000000000       0x46 drivers/src/stm32f407_i2c_driver.o
 .text.I2C_MasterSendDataIT
                0x0000000000000000       0x86 drivers/src/stm32f407_i2c_driver.o
 .text.I2C_MasterReceiveDataIT
                0x0000000000000000       0x94 drivers/src/stm32f407_i2c_driver.o
 .text.I2C_MasterHandleTXEInterrupt
                0x0000000000000000       0x3c drivers/src/stm32f407_i2c_driver.o
 .text.I2C_MasterHandleRXNEInterrupt
                0x0000000000000000       0x98 drivers/src/stm32f407_i2c_driver.o
 .text.I2C_CloseReceiveData
                0x0000000000000000       0x5c drivers/src/stm32f407_i2c_driver.o
 .text.I2C_CloseSendData
                0x0000000000000000       0x46 drivers/src/stm32f407_i2c_driver.o
 .text.I2C_SlaveSendData
                0x0000000000000000       0x1e drivers/src/stm32f407_i2c_driver.o
 .text.I2C_SlaveReceiveData
                0x0000000000000000       0x1a drivers/src/stm32f407_i2c_driver.o
 .text.I2C_EV_IRQHandling
                0x0000000000000000      0x1b8 drivers/src/stm32f407_i2c_driver.o
 .text.I2C_ER_IRQHandling
                0x0000000000000000      0x10c drivers/src/stm32f407_i2c_driver.o
 .debug_macro   0x0000000000000000      0xa66 drivers/src/stm32f407_i2c_driver.o
 .debug_macro   0x0000000000000000       0x22 drivers/src/stm32f407_i2c_driver.o
 .debug_macro   0x0000000000000000       0x8e drivers/src/stm32f407_i2c_driver.o
 .debug_macro   0x0000000000000000       0x51 drivers/src/stm32f407_i2c_driver.o
 .debug_macro   0x0000000000000000       0xef drivers/src/stm32f407_i2c_driver.o
 .debug_macro   0x0000000000000000       0x6a drivers/src/stm32f407_i2c_driver.o
 .debug_macro   0x0000000000000000      0x1df drivers/src/stm32f407_i2c_driver.o
 .debug_macro   0x0000000000000000      0x174 drivers/src/stm32f407_i2c_driver.o
 .debug_macro   0x0000000000000000      0x50d drivers/src/stm32f407_i2c_driver.o
 .debug_macro   0x0000000000000000       0xd6 drivers/src/stm32f407_i2c_driver.o
 .debug_macro   0x0000000000000000       0xca drivers/src/stm32f407_i2c_driver.o
 .group         0x0000000000000000        0xc drivers/src/stm32f407_spi_driver.o
 .group         0x0000000000000000        0xc drivers/src/stm32f407_spi_driver.o
 .group         0x0000000000000000        0xc drivers/src/stm32f407_spi_driver.o
 .group         0x0000000000000000        0xc drivers/src/stm32f407_spi_driver.o
 .group         0x0000000000000000        0xc drivers/src/stm32f407_spi_driver.o
 .group         0x0000000000000000        0xc drivers/src/stm32f407_spi_driver.o
 .group         0x0000000000000000        0xc drivers/src/stm32f407_spi_driver.o
 .group         0x0000000000000000        0xc drivers/src/stm32f407_spi_driver.o
 .group         0x0000000000000000        0xc drivers/src/stm32f407_spi_driver.o
 .group         0x0000000000000000        0xc drivers/src/stm32f407_spi_driver.o
 .group         0x0000000000000000        0xc drivers/src/stm32f407_spi_driver.o
 .group         0x0000000000000000        0xc drivers/src/stm32f407_spi_driver.o
 .text          0x0000000000000000        0x0 drivers/src/stm32f407_spi_driver.o
 .data          0x0000000000000000        0x0 drivers/src/stm32f407_spi_driver.o
 .bss           0x0000000000000000        0x0 drivers/src/stm32f407_spi_driver.o
 .text.SPI_Init
                0x0000000000000000       0xa8 drivers/src/stm32f407_spi_driver.o
 .text.SPI_DeInit
                0x0000000000000000       0x88 drivers/src/stm32f407_spi_driver.o
 .text.SPI_PeriClockControl
                0x0000000000000000       0xb0 drivers/src/stm32f407_spi_driver.o
 .text.SPI_GetFlagStatus
                0x0000000000000000       0x28 drivers/src/stm32f407_spi_driver.o
 .text.SPI_SendData
                0x0000000000000000       0x6c drivers/src/stm32f407_spi_driver.o
 .text.SPI_PeripheralControl
                0x0000000000000000       0x38 drivers/src/stm32f407_spi_driver.o
 .text.SPI_SSIconfig
                0x0000000000000000       0x38 drivers/src/stm32f407_spi_driver.o
 .text.SPI_ReceiveData
                0x0000000000000000       0x6c drivers/src/stm32f407_spi_driver.o
 .text.SPI_SendDataIT
                0x0000000000000000       0x48 drivers/src/stm32f407_spi_driver.o
 .text.SPI_ReceiveDataIT
                0x0000000000000000       0x48 drivers/src/stm32f407_spi_driver.o
 .text.SPI_IRQConfig
                0x0000000000000000      0x10c drivers/src/stm32f407_spi_driver.o
 .text.SPI_IRQPriorityConfig
                0x0000000000000000       0x48 drivers/src/stm32f407_spi_driver.o
 .text.SPI_TXE_ISRHAndler
                0x0000000000000000       0x9c drivers/src/stm32f407_spi_driver.o
 .text.SPI_RXE_ISRHAndler
                0x0000000000000000       0xaa drivers/src/stm32f407_spi_driver.o
 .text.SPI_IRQHandling
                0x0000000000000000       0x6c drivers/src/stm32f407_spi_driver.o
 .text.SPI_ApplicationEventCallback
                0x0000000000000000       0x18 drivers/src/stm32f407_spi_driver.o
 .debug_info    0x0000000000000000      0x77b drivers/src/stm32f407_spi_driver.o
 .debug_abbrev  0x0000000000000000      0x17f drivers/src/stm32f407_spi_driver.o
 .debug_aranges
                0x0000000000000000       0x98 drivers/src/stm32f407_spi_driver.o
 .debug_ranges  0x0000000000000000       0x88 drivers/src/stm32f407_spi_driver.o
 .debug_macro   0x0000000000000000       0xad drivers/src/stm32f407_spi_driver.o
 .debug_macro   0x0000000000000000      0xa66 drivers/src/stm32f407_spi_driver.o
 .debug_macro   0x0000000000000000       0x22 drivers/src/stm32f407_spi_driver.o
 .debug_macro   0x0000000000000000       0x8e drivers/src/stm32f407_spi_driver.o
 .debug_macro   0x0000000000000000       0x51 drivers/src/stm32f407_spi_driver.o
 .debug_macro   0x0000000000000000       0xef drivers/src/stm32f407_spi_driver.o
 .debug_macro   0x0000000000000000       0x6a drivers/src/stm32f407_spi_driver.o
 .debug_macro   0x0000000000000000      0x1df drivers/src/stm32f407_spi_driver.o
 .debug_macro   0x0000000000000000      0x174 drivers/src/stm32f407_spi_driver.o
 .debug_macro   0x0000000000000000      0x50d drivers/src/stm32f407_spi_driver.o
 .debug_macro   0x0000000000000000       0xc4 drivers/src/stm32f407_spi_driver.o
 .debug_macro   0x0000000000000000       0xd6 drivers/src/stm32f407_spi_driver.o
 .debug_macro   0x0000000000000000       0xd6 drivers/src/stm32f407_spi_driver.o
 .debug_line    0x0000000000000000      0x671 drivers/src/stm32f407_spi_driver.o
 .debug_str     0x0000000000000000     0x64cd drivers/src/stm32f407_spi_driver.o
 .comment       0x0000000000000000       0x7c drivers/src/stm32f407_spi_driver.o
 .debug_frame   0x0000000000000000      0x278 drivers/src/stm32f407_spi_driver.o
 .ARM.attributes
                0x0000000000000000       0x39 drivers/src/stm32f407_spi_driver.o
 .text          0x0000000000000000        0x0 /Applications/STM32CubeIDE.app/Contents/Eclipse/plugins/com.st.stm32cube.ide.mcu.externaltools.gnu-tools-for-stm32.7-2018-q2-update.macos64_1.0.0.201904181610/tools/bin/../lib/gcc/arm-none-eabi/7.3.1/../../../../arm-none-eabi/lib/thumb/v7e-m/fpv4-sp/hard/libc_nano.a(lib_a-errno.o)
 .data          0x0000000000000000        0x0 /Applications/STM32CubeIDE.app/Contents/Eclipse/plugins/com.st.stm32cube.ide.mcu.externaltools.gnu-tools-for-stm32.7-2018-q2-update.macos64_1.0.0.201904181610/tools/bin/../lib/gcc/arm-none-eabi/7.3.1/../../../../arm-none-eabi/lib/thumb/v7e-m/fpv4-sp/hard/libc_nano.a(lib_a-errno.o)
 .bss           0x0000000000000000        0x0 /Applications/STM32CubeIDE.app/Contents/Eclipse/plugins/com.st.stm32cube.ide.mcu.externaltools.gnu-tools-for-stm32.7-2018-q2-update.macos64_1.0.0.201904181610/tools/bin/../lib/gcc/arm-none-eabi/7.3.1/../../../../arm-none-eabi/lib/thumb/v7e-m/fpv4-sp/hard/libc_nano.a(lib_a-errno.o)
 .text.__errno  0x0000000000000000        0xc /Applications/STM32CubeIDE.app/Contents/Eclipse/plugins/com.st.stm32cube.ide.mcu.externaltools.gnu-tools-for-stm32.7-2018-q2-update.macos64_1.0.0.201904181610/tools/bin/../lib/gcc/arm-none-eabi/7.3.1/../../../../arm-none-eabi/lib/thumb/v7e-m/fpv4-sp/hard/libc_nano.a(lib_a-errno.o)
 .debug_frame   0x0000000000000000       0x20 /Applications/STM32CubeIDE.app/Contents/Eclipse/plugins/com.st.stm32cube.ide.mcu.externaltools.gnu-tools-for-stm32.7-2018-q2-update.macos64_1.0.0.201904181610/tools/bin/../lib/gcc/arm-none-eabi/7.3.1/../../../../arm-none-eabi/lib/thumb/v7e-m/fpv4-sp/hard/libc_nano.a(lib_a-errno.o)
 .ARM.attributes
                0x0000000000000000       0x34 /Applications/STM32CubeIDE.app/Contents/Eclipse/plugins/com.st.stm32cube.ide.mcu.externaltools.gnu-tools-for-stm32.7-2018-q2-update.macos64_1.0.0.201904181610/tools/bin/../lib/gcc/arm-none-eabi/7.3.1/../../../../arm-none-eabi/lib/thumb/v7e-m/fpv4-sp/hard/libc_nano.a(lib_a-errno.o)
 .text          0x0000000000000000        0x0 /Applications/STM32CubeIDE.app/Contents/Eclipse/plugins/com.st.stm32cube.ide.mcu.externaltools.gnu-tools-for-stm32.7-2018-q2-update.macos64_1.0.0.201904181610/tools/bin/../lib/gcc/arm-none-eabi/7.3.1/../../../../arm-none-eabi/lib/thumb/v7e-m/fpv4-sp/hard/libc_nano.a(lib_a-exit.o)
 .data          0x0000000000000000        0x0 /Applications/STM32CubeIDE.app/Contents/Eclipse/plugins/com.st.stm32cube.ide.mcu.externaltools.gnu-tools-for-stm32.7-2018-q2-update.macos64_1.0.0.201904181610/tools/bin/../lib/gcc/arm-none-eabi/7.3.1/../../../../arm-none-eabi/lib/thumb/v7e-m/fpv4-sp/hard/libc_nano.a(lib_a-exit.o)
 .bss           0x0000000000000000        0x0 /Applications/STM32CubeIDE.app/Contents/Eclipse/plugins/com.st.stm32cube.ide.mcu.externaltools.gnu-tools-for-stm32.7-2018-q2-update.macos64_1.0.0.201904181610/tools/bin/../lib/gcc/arm-none-eabi/7.3.1/../../../../arm-none-eabi/lib/thumb/v7e-m/fpv4-sp/hard/libc_nano.a(lib_a-exit.o)
 .text.exit     0x0000000000000000       0x28 /Applications/STM32CubeIDE.app/Contents/Eclipse/plugins/com.st.stm32cube.ide.mcu.externaltools.gnu-tools-for-stm32.7-2018-q2-update.macos64_1.0.0.201904181610/tools/bin/../lib/gcc/arm-none-eabi/7.3.1/../../../../arm-none-eabi/lib/thumb/v7e-m/fpv4-sp/hard/libc_nano.a(lib_a-exit.o)
 .debug_frame   0x0000000000000000       0x28 /Applications/STM32CubeIDE.app/Contents/Eclipse/plugins/com.st.stm32cube.ide.mcu.externaltools.gnu-tools-for-stm32.7-2018-q2-update.macos64_1.0.0.201904181610/tools/bin/../lib/gcc/arm-none-eabi/7.3.1/../../../../arm-none-eabi/lib/thumb/v7e-m/fpv4-sp/hard/libc_nano.a(lib_a-exit.o)
 .ARM.attributes
                0x0000000000000000       0x34 /Applications/STM32CubeIDE.app/Contents/Eclipse/plugins/com.st.stm32cube.ide.mcu.externaltools.gnu-tools-for-stm32.7-2018-q2-update.macos64_1.0.0.201904181610/tools/bin/../lib/gcc/arm-none-eabi/7.3.1/../../../../arm-none-eabi/lib/thumb/v7e-m/fpv4-sp/hard/libc_nano.a(lib_a-exit.o)
 .text          0x0000000000000000        0x0 /Applications/STM32CubeIDE.app/Contents/Eclipse/plugins/com.st.stm32cube.ide.mcu.externaltools.gnu-tools-for-stm32.7-2018-q2-update.macos64_1.0.0.201904181610/tools/bin/../lib/gcc/arm-none-eabi/7.3.1/../../../../arm-none-eabi/lib/thumb/v7e-m/fpv4-sp/hard/libc_nano.a(lib_a-impure.o)
 .data          0x0000000000000000        0x0 /Applications/STM32CubeIDE.app/Contents/Eclipse/plugins/com.st.stm32cube.ide.mcu.externaltools.gnu-tools-for-stm32.7-2018-q2-update.macos64_1.0.0.201904181610/tools/bin/../lib/gcc/arm-none-eabi/7.3.1/../../../../arm-none-eabi/lib/thumb/v7e-m/fpv4-sp/hard/libc_nano.a(lib_a-impure.o)
 .bss           0x0000000000000000        0x0 /Applications/STM32CubeIDE.app/Contents/Eclipse/plugins/com.st.stm32cube.ide.mcu.externaltools.gnu-tools-for-stm32.7-2018-q2-update.macos64_1.0.0.201904181610/tools/bin/../lib/gcc/arm-none-eabi/7.3.1/../../../../arm-none-eabi/lib/thumb/v7e-m/fpv4-sp/hard/libc_nano.a(lib_a-impure.o)
 .data._impure_ptr
                0x0000000000000000        0x4 /Applications/STM32CubeIDE.app/Contents/Eclipse/plugins/com.st.stm32cube.ide.mcu.externaltools.gnu-tools-for-stm32.7-2018-q2-update.macos64_1.0.0.201904181610/tools/bin/../lib/gcc/arm-none-eabi/7.3.1/../../../../arm-none-eabi/lib/thumb/v7e-m/fpv4-sp/hard/libc_nano.a(lib_a-impure.o)
 .data.impure_data
                0x0000000000000000       0x60 /Applications/STM32CubeIDE.app/Contents/Eclipse/plugins/com.st.stm32cube.ide.mcu.externaltools.gnu-tools-for-stm32.7-2018-q2-update.macos64_1.0.0.201904181610/tools/bin/../lib/gcc/arm-none-eabi/7.3.1/../../../../arm-none-eabi/lib/thumb/v7e-m/fpv4-sp/hard/libc_nano.a(lib_a-impure.o)
 .rodata._global_impure_ptr
                0x0000000000000000        0x4 /Applications/STM32CubeIDE.app/Contents/Eclipse/plugins/com.st.stm32cube.ide.mcu.externaltools.gnu-tools-for-stm32.7-2018-q2-update.macos64_1.0.0.201904181610/tools/bin/../lib/gcc/arm-none-eabi/7.3.1/../../../../arm-none-eabi/lib/thumb/v7e-m/fpv4-sp/hard/libc_nano.a(lib_a-impure.o)
 .ARM.attributes
                0x0000000000000000       0x34 /Applications/STM32CubeIDE.app/Contents/Eclipse/plugins/com.st.stm32cube.ide.mcu.externaltools.gnu-tools-for-stm32.7-2018-q2-update.macos64_1.0.0.201904181610/tools/bin/../lib/gcc/arm-none-eabi/7.3.1/../../../../arm-none-eabi/lib/thumb/v7e-m/fpv4-sp/hard/libc_nano.a(lib_a-impure.o)
 .text          0x0000000000000000        0x0 /Applications/STM32CubeIDE.app/Contents/Eclipse/plugins/com.st.stm32cube.ide.mcu.externaltools.gnu-tools-for-stm32.7-2018-q2-update.macos64_1.0.0.201904181610/tools/bin/../lib/gcc/arm-none-eabi/7.3.1/../../../../arm-none-eabi/lib/thumb/v7e-m/fpv4-sp/hard/libc_nano.a(lib_a-init.o)
 .data          0x0000000000000000        0x0 /Applications/STM32CubeIDE.app/Contents/Eclipse/plugins/com.st.stm32cube.ide.mcu.externaltools.gnu-tools-for-stm32.7-2018-q2-update.macos64_1.0.0.201904181610/tools/bin/../lib/gcc/arm-none-eabi/7.3.1/../../../../arm-none-eabi/lib/thumb/v7e-m/fpv4-sp/hard/libc_nano.a(lib_a-init.o)
 .bss           0x0000000000000000        0x0 /Applications/STM32CubeIDE.app/Contents/Eclipse/plugins/com.st.stm32cube.ide.mcu.externaltools.gnu-tools-for-stm32.7-2018-q2-update.macos64_1.0.0.201904181610/tools/bin/../lib/gcc/arm-none-eabi/7.3.1/../../../../arm-none-eabi/lib/thumb/v7e-m/fpv4-sp/hard/libc_nano.a(lib_a-init.o)
 .text          0x0000000000000000        0x0 /Applications/STM32CubeIDE.app/Contents/Eclipse/plugins/com.st.stm32cube.ide.mcu.externaltools.gnu-tools-for-stm32.7-2018-q2-update.macos64_1.0.0.201904181610/tools/bin/../lib/gcc/arm-none-eabi/7.3.1/../../../../arm-none-eabi/lib/thumb/v7e-m/fpv4-sp/hard/libc_nano.a(lib_a-memset.o)
 .data          0x0000000000000000        0x0 /Applications/STM32CubeIDE.app/Contents/Eclipse/plugins/com.st.stm32cube.ide.mcu.externaltools.gnu-tools-for-stm32.7-2018-q2-update.macos64_1.0.0.201904181610/tools/bin/../lib/gcc/arm-none-eabi/7.3.1/../../../../arm-none-eabi/lib/thumb/v7e-m/fpv4-sp/hard/libc_nano.a(lib_a-memset.o)
 .bss           0x0000000000000000        0x0 /Applications/STM32CubeIDE.app/Contents/Eclipse/plugins/com.st.stm32cube.ide.mcu.externaltools.gnu-tools-for-stm32.7-2018-q2-update.macos64_1.0.0.201904181610/tools/bin/../lib/gcc/arm-none-eabi/7.3.1/../../../../arm-none-eabi/lib/thumb/v7e-m/fpv4-sp/hard/libc_nano.a(lib_a-memset.o)
 .text.memset   0x0000000000000000       0x10 /Applications/STM32CubeIDE.app/Contents/Eclipse/plugins/com.st.stm32cube.ide.mcu.externaltools.gnu-tools-for-stm32.7-2018-q2-update.macos64_1.0.0.201904181610/tools/bin/../lib/gcc/arm-none-eabi/7.3.1/../../../../arm-none-eabi/lib/thumb/v7e-m/fpv4-sp/hard/libc_nano.a(lib_a-memset.o)
 .debug_frame   0x0000000000000000       0x20 /Applications/STM32CubeIDE.app/Contents/Eclipse/plugins/com.st.stm32cube.ide.mcu.externaltools.gnu-tools-for-stm32.7-2018-q2-update.macos64_1.0.0.201904181610/tools/bin/../lib/gcc/arm-none-eabi/7.3.1/../../../../arm-none-eabi/lib/thumb/v7e-m/fpv4-sp/hard/libc_nano.a(lib_a-memset.o)
 .ARM.attributes
                0x0000000000000000       0x34 /Applications/STM32CubeIDE.app/Contents/Eclipse/plugins/com.st.stm32cube.ide.mcu.externaltools.gnu-tools-for-stm32.7-2018-q2-update.macos64_1.0.0.201904181610/tools/bin/../lib/gcc/arm-none-eabi/7.3.1/../../../../arm-none-eabi/lib/thumb/v7e-m/fpv4-sp/hard/libc_nano.a(lib_a-memset.o)
 .data          0x0000000000000000        0x0 /Applications/STM32CubeIDE.app/Contents/Eclipse/plugins/com.st.stm32cube.ide.mcu.externaltools.gnu-tools-for-stm32.7-2018-q2-update.macos64_1.0.0.201904181610/tools/bin/../lib/gcc/arm-none-eabi/7.3.1/../../../../arm-none-eabi/lib/thumb/v7e-m/fpv4-sp/hard/libc_nano.a(lib_a-strlen.o)
 .bss           0x0000000000000000        0x0 /Applications/STM32CubeIDE.app/Contents/Eclipse/plugins/com.st.stm32cube.ide.mcu.externaltools.gnu-tools-for-stm32.7-2018-q2-update.macos64_1.0.0.201904181610/tools/bin/../lib/gcc/arm-none-eabi/7.3.1/../../../../arm-none-eabi/lib/thumb/v7e-m/fpv4-sp/hard/libc_nano.a(lib_a-strlen.o)
 .text          0x0000000000000000        0x0 /Applications/STM32CubeIDE.app/Contents/Eclipse/plugins/com.st.stm32cube.ide.mcu.externaltools.gnu-tools-for-stm32.7-2018-q2-update.macos64_1.0.0.201904181610/tools/bin/../lib/gcc/arm-none-eabi/7.3.1/thumb/v7e-m/fpv4-sp/hard/crtend.o
 .data          0x0000000000000000        0x0 /Applications/STM32CubeIDE.app/Contents/Eclipse/plugins/com.st.stm32cube.ide.mcu.externaltools.gnu-tools-for-stm32.7-2018-q2-update.macos64_1.0.0.201904181610/tools/bin/../lib/gcc/arm-none-eabi/7.3.1/thumb/v7e-m/fpv4-sp/hard/crtend.o
 .bss           0x0000000000000000        0x0 /Applications/STM32CubeIDE.app/Contents/Eclipse/plugins/com.st.stm32cube.ide.mcu.externaltools.gnu-tools-for-stm32.7-2018-q2-update.macos64_1.0.0.201904181610/tools/bin/../lib/gcc/arm-none-eabi/7.3.1/thumb/v7e-m/fpv4-sp/hard/crtend.o
 .eh_frame      0x0000000000000000        0x4 /Applications/STM32CubeIDE.app/Contents/Eclipse/plugins/com.st.stm32cube.ide.mcu.externaltools.gnu-tools-for-stm32.7-2018-q2-update.macos64_1.0.0.201904181610/tools/bin/../lib/gcc/arm-none-eabi/7.3.1/thumb/v7e-m/fpv4-sp/hard/crtend.o
 .ARM.attributes
                0x0000000000000000       0x34 /Applications/STM32CubeIDE.app/Contents/Eclipse/plugins/com.st.stm32cube.ide.mcu.externaltools.gnu-tools-for-stm32.7-2018-q2-update.macos64_1.0.0.201904181610/tools/bin/../lib/gcc/arm-none-eabi/7.3.1/thumb/v7e-m/fpv4-sp/hard/crtend.o
 .text          0x0000000000000000        0x0 /Applications/STM32CubeIDE.app/Contents/Eclipse/plugins/com.st.stm32cube.ide.mcu.externaltools.gnu-tools-for-stm32.7-2018-q2-update.macos64_1.0.0.201904181610/tools/bin/../lib/gcc/arm-none-eabi/7.3.1/thumb/v7e-m/fpv4-sp/hard/crtn.o
 .data          0x0000000000000000        0x0 /Applications/STM32CubeIDE.app/Contents/Eclipse/plugins/com.st.stm32cube.ide.mcu.externaltools.gnu-tools-for-stm32.7-2018-q2-update.macos64_1.0.0.201904181610/tools/bin/../lib/gcc/arm-none-eabi/7.3.1/thumb/v7e-m/fpv4-sp/hard/crtn.o
 .bss           0x0000000000000000        0x0 /Applications/STM32CubeIDE.app/Contents/Eclipse/plugins/com.st.stm32cube.ide.mcu.externaltools.gnu-tools-for-stm32.7-2018-q2-update.macos64_1.0.0.201904181610/tools/bin/../lib/gcc/arm-none-eabi/7.3.1/thumb/v7e-m/fpv4-sp/hard/crtn.o

Memory Configuration

Name             Origin             Length             Attributes
RAM              0x0000000020000000 0x0000000000020000 xrw
ROM              0x0000000008000000 0x0000000000100000 xr
*default*        0x0000000000000000 0xffffffffffffffff

Linker script and memory map

LOAD /Applications/STM32CubeIDE.app/Contents/Eclipse/plugins/com.st.stm32cube.ide.mcu.externaltools.gnu-tools-for-stm32.7-2018-q2-update.macos64_1.0.0.201904181610/tools/bin/../lib/gcc/arm-none-eabi/7.3.1/thumb/v7e-m/fpv4-sp/hard/crti.o
LOAD /Applications/STM32CubeIDE.app/Contents/Eclipse/plugins/com.st.stm32cube.ide.mcu.externaltools.gnu-tools-for-stm32.7-2018-q2-update.macos64_1.0.0.201904181610/tools/bin/../lib/gcc/arm-none-eabi/7.3.1/thumb/v7e-m/fpv4-sp/hard/crtbegin.o
LOAD /Applications/STM32CubeIDE.app/Contents/Eclipse/plugins/com.st.stm32cube.ide.mcu.externaltools.gnu-tools-for-stm32.7-2018-q2-update.macos64_1.0.0.201904181610/tools/bin/../lib/gcc/arm-none-eabi/7.3.1/../../../../arm-none-eabi/lib/thumb/v7e-m/fpv4-sp/hard/crt0.o
LOAD Src/001ledtoggle.o
LOAD Src/I2C_masterTX_test.o
LOAD Src/SPI_testing.o
LOAD Src/syscalls.o
LOAD Src/sysmem.o
LOAD Startup/startup_stm32f407vgtx.o
LOAD drivers/src/st32f407xx_gpio_driver.o
LOAD drivers/src/stm32f407_i2c_driver.o
LOAD drivers/src/stm32f407_spi_driver.o
START GROUP
LOAD /Applications/STM32CubeIDE.app/Contents/Eclipse/plugins/com.st.stm32cube.ide.mcu.externaltools.gnu-tools-for-stm32.7-2018-q2-update.macos64_1.0.0.201904181610/tools/bin/../lib/gcc/arm-none-eabi/7.3.1/../../../../arm-none-eabi/lib/thumb/v7e-m/fpv4-sp/hard/libc_nano.a
LOAD /Applications/STM32CubeIDE.app/Contents/Eclipse/plugins/com.st.stm32cube.ide.mcu.externaltools.gnu-tools-for-stm32.7-2018-q2-update.macos64_1.0.0.201904181610/tools/bin/../lib/gcc/arm-none-eabi/7.3.1/../../../../arm-none-eabi/lib/thumb/v7e-m/fpv4-sp/hard/libm.a
END GROUP
START GROUP
LOAD /Applications/STM32CubeIDE.app/Contents/Eclipse/plugins/com.st.stm32cube.ide.mcu.externaltools.gnu-tools-for-stm32.7-2018-q2-update.macos64_1.0.0.201904181610/tools/bin/../lib/gcc/arm-none-eabi/7.3.1/thumb/v7e-m/fpv4-sp/hard/libgcc.a
LOAD /Applications/STM32CubeIDE.app/Contents/Eclipse/plugins/com.st.stm32cube.ide.mcu.externaltools.gnu-tools-for-stm32.7-2018-q2-update.macos64_1.0.0.201904181610/tools/bin/../lib/gcc/arm-none-eabi/7.3.1/../../../../arm-none-eabi/lib/thumb/v7e-m/fpv4-sp/hard/libc_nano.a
END GROUP
START GROUP
LOAD /Applications/STM32CubeIDE.app/Contents/Eclipse/plugins/com.st.stm32cube.ide.mcu.externaltools.gnu-tools-for-stm32.7-2018-q2-update.macos64_1.0.0.201904181610/tools/bin/../lib/gcc/arm-none-eabi/7.3.1/thumb/v7e-m/fpv4-sp/hard/libgcc.a
LOAD /Applications/STM32CubeIDE.app/Contents/Eclipse/plugins/com.st.stm32cube.ide.mcu.externaltools.gnu-tools-for-stm32.7-2018-q2-update.macos64_1.0.0.201904181610/tools/bin/../lib/gcc/arm-none-eabi/7.3.1/../../../../arm-none-eabi/lib/thumb/v7e-m/fpv4-sp/hard/libc_nano.a
LOAD /Applications/STM32CubeIDE.app/Contents/Eclipse/plugins/com.st.stm32cube.ide.mcu.externaltools.gnu-tools-for-stm32.7-2018-q2-update.macos64_1.0.0.201904181610/tools/bin/../lib/gcc/arm-none-eabi/7.3.1/../../../../arm-none-eabi/lib/thumb/v7e-m/fpv4-sp/hard/libnosys.a
END GROUP
START GROUP
LOAD /Applications/STM32CubeIDE.app/Contents/Eclipse/plugins/com.st.stm32cube.ide.mcu.externaltools.gnu-tools-for-stm32.7-2018-q2-update.macos64_1.0.0.201904181610/tools/bin/../lib/gcc/arm-none-eabi/7.3.1/thumb/v7e-m/fpv4-sp/hard/libgcc.a
LOAD /Applications/STM32CubeIDE.app/Contents/Eclipse/plugins/com.st.stm32cube.ide.mcu.externaltools.gnu-tools-for-stm32.7-2018-q2-update.macos64_1.0.0.201904181610/tools/bin/../lib/gcc/arm-none-eabi/7.3.1/../../../../arm-none-eabi/lib/thumb/v7e-m/fpv4-sp/hard/libc_nano.a
LOAD /Applications/STM32CubeIDE.app/Contents/Eclipse/plugins/com.st.stm32cube.ide.mcu.externaltools.gnu-tools-for-stm32.7-2018-q2-update.macos64_1.0.0.201904181610/tools/bin/../lib/gcc/arm-none-eabi/7.3.1/../../../../arm-none-eabi/lib/thumb/v7e-m/fpv4-sp/hard/libnosys.a
END GROUP
LOAD /Applications/STM32CubeIDE.app/Contents/Eclipse/plugins/com.st.stm32cube.ide.mcu.externaltools.gnu-tools-for-stm32.7-2018-q2-update.macos64_1.0.0.201904181610/tools/bin/../lib/gcc/arm-none-eabi/7.3.1/thumb/v7e-m/fpv4-sp/hard/crtend.o
LOAD /Applications/STM32CubeIDE.app/Contents/Eclipse/plugins/com.st.stm32cube.ide.mcu.externaltools.gnu-tools-for-stm32.7-2018-q2-update.macos64_1.0.0.201904181610/tools/bin/../lib/gcc/arm-none-eabi/7.3.1/thumb/v7e-m/fpv4-sp/hard/crtn.o
                0x0000000020020000                _estack = (ORIGIN (RAM) + LENGTH (RAM))
                0x0000000000000200                _Min_Heap_Size = 0x200
                0x0000000000000400                _Min_Stack_Size = 0x400

.isr_vector     0x0000000008000000      0x1a8
                0x0000000008000000                . = ALIGN (0x4)
 *(.isr_vector)
 .isr_vector    0x0000000008000000      0x1a8 Startup/startup_stm32f407vgtx.o
                0x0000000008000000                g_pfnVectors
                0x00000000080001a8                . = ALIGN (0x4)

.text           0x00000000080001a8      0xc80
                0x00000000080001a8                . = ALIGN (0x4)
 *(.text)
 .text          0x00000000080001a8       0x40 /Applications/STM32CubeIDE.app/Contents/Eclipse/plugins/com.st.stm32cube.ide.mcu.externaltools.gnu-tools-for-stm32.7-2018-q2-update.macos64_1.0.0.201904181610/tools/bin/../lib/gcc/arm-none-eabi/7.3.1/thumb/v7e-m/fpv4-sp/hard/crtbegin.o
 .text          0x00000000080001e8       0x10 /Applications/STM32CubeIDE.app/Contents/Eclipse/plugins/com.st.stm32cube.ide.mcu.externaltools.gnu-tools-for-stm32.7-2018-q2-update.macos64_1.0.0.201904181610/tools/bin/../lib/gcc/arm-none-eabi/7.3.1/../../../../arm-none-eabi/lib/thumb/v7e-m/fpv4-sp/hard/libc_nano.a(lib_a-strlen.o)
                0x00000000080001e8                strlen
 *(.text*)
 .text.EXTI0_IRQHandler
                0x00000000080001f8        0xe Src/001ledtoggle.o
                0x00000000080001f8                EXTI0_IRQHandler
 *fill*         0x0000000008000206        0x2 
 .text.I2C1_GPIOInits
                0x0000000008000208       0x44 Src/I2C_masterTX_test.o
                0x0000000008000208                I2C1_GPIOInits
 .text.I2C1_Inits
                0x000000000800024c       0x38 Src/I2C_masterTX_test.o
                0x000000000800024c                I2C1_Inits
 .text.GPIO_ButtonInit
                0x0000000008000284       0x5c Src/I2C_masterTX_test.o
                0x0000000008000284                GPIO_ButtonInit
 .text.main     0x00000000080002e0       0x54 Src/I2C_masterTX_test.o
                0x00000000080002e0                main
 .text.Reset_Handler
                0x0000000008000334       0x50 Startup/startup_stm32f407vgtx.o
                0x0000000008000334                Reset_Handler
 .text.Default_Handler
                0x0000000008000384        0x2 Startup/startup_stm32f407vgtx.o
                0x0000000008000384                DMA1_Stream3_IRQHandler
                0x0000000008000384                HASH_RNG_IRQHandler
                0x0000000008000384                EXTI2_IRQHandler
                0x0000000008000384                TIM8_CC_IRQHandler
                0x0000000008000384                DebugMon_Handler
                0x0000000008000384                TIM1_CC_IRQHandler
                0x0000000008000384                DMA2_Stream5_IRQHandler
                0x0000000008000384                HardFault_Handler
                0x0000000008000384                DMA1_Stream5_IRQHandler
                0x0000000008000384                SysTick_Handler
                0x0000000008000384                PVD_IRQHandler
                0x0000000008000384                SDIO_IRQHandler
                0x0000000008000384                TAMP_STAMP_IRQHandler
                0x0000000008000384                PendSV_Handler
                0x0000000008000384                NMI_Handler
                0x0000000008000384                CAN2_RX1_IRQHandler
                0x0000000008000384                EXTI3_IRQHandler
                0x0000000008000384                TIM8_TRG_COM_TIM14_IRQHandler
                0x0000000008000384                TIM1_UP_TIM10_IRQHandler
                0x0000000008000384                TIM8_UP_TIM13_IRQHandler
                0x0000000008000384                I2C3_ER_IRQHandler
                0x0000000008000384                LCD_TFT_IRQHandler
                0x0000000008000384                I2C2_EV_IRQHandler
                0x0000000008000384                DMA1_Stream2_IRQHandler
                0x0000000008000384                CAN1_RX0_IRQHandler
                0x0000000008000384                FPU_IRQHandler
                0x0000000008000384                OTG_HS_WKUP_IRQHandler
                0x0000000008000384                UsageFault_Handler
                0x0000000008000384                CAN2_SCE_IRQHandler
                0x0000000008000384                DMA2_Stream2_IRQHandler
                0x0000000008000384                SPI1_IRQHandler
                0x0000000008000384                TIM6_DAC_IRQHandler
                0x0000000008000384                TIM1_BRK_TIM9_IRQHandler
                0x0000000008000384                DCMI_IRQHandler
                0x0000000008000384                CAN2_RX0_IRQHandler
                0x0000000008000384                DMA2_Stream3_IRQHandler
                0x0000000008000384                USART6_IRQHandler
                0x0000000008000384                USART3_IRQHandler
                0x0000000008000384                CRYP_IRQHandler
                0x0000000008000384                CAN1_RX1_IRQHandler
                0x0000000008000384                UART5_IRQHandler
                0x0000000008000384                DMA2_Stream0_IRQHandler
                0x0000000008000384                TIM4_IRQHandler
                0x0000000008000384                I2C1_EV_IRQHandler
                0x0000000008000384                DMA1_Stream6_IRQHandler
                0x0000000008000384                DMA1_Stream1_IRQHandler
                0x0000000008000384                UART4_IRQHandler
                0x0000000008000384                LCD_TFT_1_IRQHandler
                0x0000000008000384                TIM3_IRQHandler
                0x0000000008000384                RCC_IRQHandler
                0x0000000008000384                TIM8_BRK_TIM12_IRQHandler
                0x0000000008000384                Default_Handler
                0x0000000008000384                EXTI15_10_IRQHandler
                0x0000000008000384                ADC_IRQHandler
                0x0000000008000384                DMA1_Stream7_IRQHandler
                0x0000000008000384                TIM7_IRQHandler
                0x0000000008000384                CAN2_TX_IRQHandler
                0x0000000008000384                TIM5_IRQHandler
                0x0000000008000384                DMA2_Stream7_IRQHandler
                0x0000000008000384                I2C3_EV_IRQHandler
                0x0000000008000384                EXTI9_5_IRQHandler
                0x0000000008000384                RTC_WKUP_IRQHandler
                0x0000000008000384                ETH_WKUP_IRQHandler
                0x0000000008000384                SPI2_IRQHandler
                0x0000000008000384                OTG_HS_EP1_IN_IRQHandler
                0x0000000008000384                MemManage_Handler
                0x0000000008000384                DMA1_Stream0_IRQHandler
                0x0000000008000384                CAN1_TX_IRQHandler
                0x0000000008000384                SVC_Handler
                0x0000000008000384                EXTI4_IRQHandler
                0x0000000008000384                FSMC_IRQHandler
                0x0000000008000384                ETH_IRQHandler
                0x0000000008000384                OTG_HS_EP1_OUT_IRQHandler
                0x0000000008000384                WWDG_IRQHandler
                0x0000000008000384                TIM2_IRQHandler
                0x0000000008000384                OTG_FS_WKUP_IRQHandler
                0x0000000008000384                TIM1_TRG_COM_TIM11_IRQHandler
                0x0000000008000384                OTG_HS_IRQHandler
                0x0000000008000384                EXTI1_IRQHandler
                0x0000000008000384                USART2_IRQHandler
                0x0000000008000384                I2C2_ER_IRQHandler
                0x0000000008000384                DMA2_Stream1_IRQHandler
                0x0000000008000384                CAN1_SCE_IRQHandler
                0x0000000008000384                DMA2_Stream4_IRQHandler
                0x0000000008000384                BusFault_Handler
                0x0000000008000384                USART1_IRQHandler
                0x0000000008000384                OTG_FS_IRQHandler
                0x0000000008000384                SPI3_IRQHandler
                0x0000000008000384                DMA1_Stream4_IRQHandler
                0x0000000008000384                I2C1_ER_IRQHandler
                0x0000000008000384                DMA2_Stream6_IRQHandler
                0x0000000008000384                RTC_Alarm_IRQHandler
 *fill*         0x0000000008000386        0x2 
 .text.GPIO_Init
                0x0000000008000388      0x34c drivers/src/st32f407xx_gpio_driver.o
                0x0000000008000388                GPIO_Init
 .text.GPIO_PeriClockControl
                0x00000000080006d4      0x1d0 drivers/src/st32f407xx_gpio_driver.o
                0x00000000080006d4                GPIO_PeriClockControl
 .text.GPIO_ReadFromInputPin
                0x00000000080008a4       0x2c drivers/src/st32f407xx_gpio_driver.o
                0x00000000080008a4                GPIO_ReadFromInputPin
 .text.GPIO_IRQHandling
                0x00000000080008d0       0x40 drivers/src/st32f407xx_gpio_driver.o
                0x00000000080008d0                GPIO_IRQHandling
 .text.I2C_GenerateStartCondition
                0x0000000008000910       0x20 drivers/src/stm32f407_i2c_driver.o
 .text.I2C_ExecuteAddressPhaseWrite
                0x0000000008000930       0x2c drivers/src/stm32f407_i2c_driver.o
 .text.I2C_ClearADDRFlag
                0x000000000800095c       0x6e drivers/src/stm32f407_i2c_driver.o
 .text.I2C_GenerateStopCondition
                0x00000000080009ca       0x20 drivers/src/stm32f407_i2c_driver.o
                0x00000000080009ca                I2C_GenerateStopCondition
 .text.I2C_PeripheralControl
                0x00000000080009ea       0x38 drivers/src/stm32f407_i2c_driver.o
                0x00000000080009ea                I2C_PeripheralControl
 *fill*         0x0000000008000a22        0x2 
 .text.I2C_PeriClockControl
                0x0000000008000a24       0x70 drivers/src/stm32f407_i2c_driver.o
                0x0000000008000a24                I2C_PeriClockControl
 .text.RCC_GetPCLK1Value
                0x0000000008000a94       0xa8 drivers/src/stm32f407_i2c_driver.o
                0x0000000008000a94                RCC_GetPCLK1Value
 .text.I2C_Init
                0x0000000008000b3c      0x164 drivers/src/stm32f407_i2c_driver.o
                0x0000000008000b3c                I2C_Init
 .text.I2C_GetFlagStatus
                0x0000000008000ca0       0x28 drivers/src/stm32f407_i2c_driver.o
                0x0000000008000ca0                I2C_GetFlagStatus
 .text.I2C_MasterSendData
                0x0000000008000cc8       0xc6 drivers/src/stm32f407_i2c_driver.o
                0x0000000008000cc8                I2C_MasterSendData
 .text.I2C_ManageAcking
                0x0000000008000d8e       0x38 drivers/src/stm32f407_i2c_driver.o
                0x0000000008000d8e                I2C_ManageAcking
 *fill*         0x0000000008000dc6        0x2 
 .text.__libc_init_array
                0x0000000008000dc8       0x48 /Applications/STM32CubeIDE.app/Contents/Eclipse/plugins/com.st.stm32cube.ide.mcu.externaltools.gnu-tools-for-stm32.7-2018-q2-update.macos64_1.0.0.201904181610/tools/bin/../lib/gcc/arm-none-eabi/7.3.1/../../../../arm-none-eabi/lib/thumb/v7e-m/fpv4-sp/hard/libc_nano.a(lib_a-init.o)
                0x0000000008000dc8                __libc_init_array
 *(.glue_7)
 .glue_7        0x0000000008000e10        0x0 linker stubs
 *(.glue_7t)
 .glue_7t       0x0000000008000e10        0x0 linker stubs
 *(.eh_frame)
 .eh_frame      0x0000000008000e10        0x0 /Applications/STM32CubeIDE.app/Contents/Eclipse/plugins/com.st.stm32cube.ide.mcu.externaltools.gnu-tools-for-stm32.7-2018-q2-update.macos64_1.0.0.201904181610/tools/bin/../lib/gcc/arm-none-eabi/7.3.1/thumb/v7e-m/fpv4-sp/hard/crtbegin.o
 *(.init)
 .init          0x0000000008000e10        0x4 /Applications/STM32CubeIDE.app/Contents/Eclipse/plugins/com.st.stm32cube.ide.mcu.externaltools.gnu-tools-for-stm32.7-2018-q2-update.macos64_1.0.0.201904181610/tools/bin/../lib/gcc/arm-none-eabi/7.3.1/thumb/v7e-m/fpv4-sp/hard/crti.o
                0x0000000008000e10                _init
 .init          0x0000000008000e14        0x8 /Applications/STM32CubeIDE.app/Contents/Eclipse/plugins/com.st.stm32cube.ide.mcu.externaltools.gnu-tools-for-stm32.7-2018-q2-update.macos64_1.0.0.201904181610/tools/bin/../lib/gcc/arm-none-eabi/7.3.1/thumb/v7e-m/fpv4-sp/hard/crtn.o
 *(.fini)
 .fini          0x0000000008000e1c        0x4 /Applications/STM32CubeIDE.app/Contents/Eclipse/plugins/com.st.stm32cube.ide.mcu.externaltools.gnu-tools-for-stm32.7-2018-q2-update.macos64_1.0.0.201904181610/tools/bin/../lib/gcc/arm-none-eabi/7.3.1/thumb/v7e-m/fpv4-sp/hard/crti.o
                0x0000000008000e1c                _fini
 .fini          0x0000000008000e20        0x8 /Applications/STM32CubeIDE.app/Contents/Eclipse/plugins/com.st.stm32cube.ide.mcu.externaltools.gnu-tools-for-stm32.7-2018-q2-update.macos64_1.0.0.201904181610/tools/bin/../lib/gcc/arm-none-eabi/7.3.1/thumb/v7e-m/fpv4-sp/hard/crtn.o
                0x0000000008000e28                . = ALIGN (0x4)
                0x0000000008000e28                _etext = .

.vfp11_veneer   0x0000000008000e28        0x0
 .vfp11_veneer  0x0000000008000e28        0x0 linker stubs

.v4_bx          0x0000000008000e28        0x0
 .v4_bx         0x0000000008000e28        0x0 linker stubs

.iplt           0x0000000008000e28        0x0
 .iplt          0x0000000008000e28        0x0 /Applications/STM32CubeIDE.app/Contents/Eclipse/plugins/com.st.stm32cube.ide.mcu.externaltools.gnu-tools-for-stm32.7-2018-q2-update.macos64_1.0.0.201904181610/tools/bin/../lib/gcc/arm-none-eabi/7.3.1/thumb/v7e-m/fpv4-sp/hard/crtbegin.o

.rel.dyn        0x0000000008000e28        0x0
 .rel.iplt      0x0000000008000e28        0x0 /Applications/STM32CubeIDE.app/Contents/Eclipse/plugins/com.st.stm32cube.ide.mcu.externaltools.gnu-tools-for-stm32.7-2018-q2-update.macos64_1.0.0.201904181610/tools/bin/../lib/gcc/arm-none-eabi/7.3.1/thumb/v7e-m/fpv4-sp/hard/crtbegin.o

.rodata         0x0000000008000e28        0x0
                0x0000000008000e28                . = ALIGN (0x4)
 *(.rodata)
 *(.rodata*)
                0x0000000008000e28                . = ALIGN (0x4)

.ARM.extab      0x0000000008000e28        0x0
                0x0000000008000e28                . = ALIGN (0x4)
 *(.ARM.extab* .gnu.linkonce.armextab.*)
                0x0000000008000e28                . = ALIGN (0x4)

.ARM            0x0000000008000e28        0x0
                0x0000000008000e28                . = ALIGN (0x4)
                0x0000000008000e28                __exidx_start = .
 *(.ARM.exidx*)
                0x0000000008000e28                __exidx_end = .
                0x0000000008000e28                . = ALIGN (0x4)

.preinit_array  0x0000000008000e28        0x0
                0x0000000008000e28                . = ALIGN (0x4)
                0x0000000008000e28                PROVIDE (__preinit_array_start = .)
 *(.preinit_array*)
                0x0000000008000e28                PROVIDE (__preinit_array_end = .)
                0x0000000008000e28                . = ALIGN (0x4)

.init_array     0x0000000008000e28        0x4
                0x0000000008000e28                . = ALIGN (0x4)
                0x0000000008000e28                PROVIDE (__init_array_start = .)
 *(SORT_BY_NAME(.init_array.*))
 *(.init_array*)
 .init_array    0x0000000008000e28        0x4 /Applications/STM32CubeIDE.app/Contents/Eclipse/plugins/com.st.stm32cube.ide.mcu.externaltools.gnu-tools-for-stm32.7-2018-q2-update.macos64_1.0.0.201904181610/tools/bin/../lib/gcc/arm-none-eabi/7.3.1/thumb/v7e-m/fpv4-sp/hard/crtbegin.o
                0x0000000008000e2c                PROVIDE (__init_array_end = .)
                0x0000000008000e2c                . = ALIGN (0x4)

.fini_array     0x0000000008000e2c        0x4
                0x0000000008000e2c                . = ALIGN (0x4)
                [!provide]                        PROVIDE (__fini_array_start = .)
 *(SORT_BY_NAME(.fini_array.*))
 *(.fini_array*)
 .fini_array    0x0000000008000e2c        0x4 /Applications/STM32CubeIDE.app/Contents/Eclipse/plugins/com.st.stm32cube.ide.mcu.externaltools.gnu-tools-for-stm32.7-2018-q2-update.macos64_1.0.0.201904181610/tools/bin/../lib/gcc/arm-none-eabi/7.3.1/thumb/v7e-m/fpv4-sp/hard/crtbegin.o
                [!provide]                        PROVIDE (__fini_array_end = .)
                0x0000000008000e30                . = ALIGN (0x4)
                0x0000000008000e30                _sidata = LOADADDR (.data)

.data           0x0000000020000000       0x50 load address 0x0000000008000e30
                0x0000000020000000                . = ALIGN (0x4)
                0x0000000020000000                _sdata = .
 *(.data)
 *(.data*)
 .data.some_data
                0x0000000020000000       0x1e Src/I2C_masterTX_test.o
                0x0000000020000000                some_data
 *fill*         0x000000002000001e        0x2 
 .data.AHB_ARRAY
                0x0000000020000020       0x20 drivers/src/stm32f407_i2c_driver.o
                0x0000000020000020                AHB_ARRAY
 .data.AHB_ARRAY1
                0x0000000020000040       0x10 drivers/src/stm32f407_i2c_driver.o
                0x0000000020000040                AHB_ARRAY1
                0x0000000020000050                . = ALIGN (0x4)
                0x0000000020000050                _edata = .

.igot.plt       0x0000000020000050        0x0 load address 0x0000000008000e80
 .igot.plt      0x0000000020000050        0x0 /Applications/STM32CubeIDE.app/Contents/Eclipse/plugins/com.st.stm32cube.ide.mcu.externaltools.gnu-tools-for-stm32.7-2018-q2-update.macos64_1.0.0.201904181610/tools/bin/../lib/gcc/arm-none-eabi/7.3.1/thumb/v7e-m/fpv4-sp/hard/crtbegin.o
                0x0000000020000050                . = ALIGN (0x4)

.bss            0x0000000020000050       0x44 load address 0x0000000008000e80
                0x0000000020000050                _sbss = .
                0x0000000020000050                __bss_start__ = _sbss
 *(.bss)
 .bss           0x0000000020000050       0x1c /Applications/STM32CubeIDE.app/Contents/Eclipse/plugins/com.st.stm32cube.ide.mcu.externaltools.gnu-tools-for-stm32.7-2018-q2-update.macos64_1.0.0.201904181610/tools/bin/../lib/gcc/arm-none-eabi/7.3.1/thumb/v7e-m/fpv4-sp/hard/crtbegin.o
 *(.bss*)
 *(COMMON)
 COMMON         0x000000002000006c       0x28 Src/I2C_masterTX_test.o
                0x000000002000006c                I2C1Handle
                0x0000000020000094                . = ALIGN (0x4)
                0x0000000020000094                _ebss = .
                0x0000000020000094                __bss_end__ = _ebss

._user_heap_stack
                0x0000000020000094      0x604 load address 0x0000000008000e80
                0x0000000020000098                . = ALIGN (0x8)
 *fill*         0x0000000020000094        0x4 
                0x0000000020000098                PROVIDE (end = .)
                [!provide]                        PROVIDE (_end = .)
                0x0000000020000298                . = (. + _Min_Heap_Size)
 *fill*         0x0000000020000098      0x200 
                0x0000000020000698                . = (. + _Min_Stack_Size)
 *fill*         0x0000000020000298      0x400 
                0x0000000020000698                . = ALIGN (0x8)

/DISCARD/
 libc.a(*)
 libm.a(*)
 libgcc.a(*)

.ARM.attributes
                0x0000000000000000       0x30
 *(.ARM.attributes)
 .ARM.attributes
                0x0000000000000000       0x22 /Applications/STM32CubeIDE.app/Contents/Eclipse/plugins/com.st.stm32cube.ide.mcu.externaltools.gnu-tools-for-stm32.7-2018-q2-update.macos64_1.0.0.201904181610/tools/bin/../lib/gcc/arm-none-eabi/7.3.1/thumb/v7e-m/fpv4-sp/hard/crti.o
 .ARM.attributes
                0x0000000000000022       0x34 /Applications/STM32CubeIDE.app/Contents/Eclipse/plugins/com.st.stm32cube.ide.mcu.externaltools.gnu-tools-for-stm32.7-2018-q2-update.macos64_1.0.0.201904181610/tools/bin/../lib/gcc/arm-none-eabi/7.3.1/thumb/v7e-m/fpv4-sp/hard/crtbegin.o
 .ARM.attributes
                0x0000000000000056       0x39 Src/001ledtoggle.o
 .ARM.attributes
                0x000000000000008f       0x39 Src/I2C_masterTX_test.o
 .ARM.attributes
                0x00000000000000c8       0x21 Startup/startup_stm32f407vgtx.o
 .ARM.attributes
                0x00000000000000e9       0x39 drivers/src/st32f407xx_gpio_driver.o
 .ARM.attributes
                0x0000000000000122       0x39 drivers/src/stm32f407_i2c_driver.o
 .ARM.attributes
                0x000000000000015b       0x34 /Applications/STM32CubeIDE.app/Contents/Eclipse/plugins/com.st.stm32cube.ide.mcu.externaltools.gnu-tools-for-stm32.7-2018-q2-update.macos64_1.0.0.201904181610/tools/bin/../lib/gcc/arm-none-eabi/7.3.1/../../../../arm-none-eabi/lib/thumb/v7e-m/fpv4-sp/hard/libc_nano.a(lib_a-init.o)
 .ARM.attributes
                0x000000000000018f       0x1b /Applications/STM32CubeIDE.app/Contents/Eclipse/plugins/com.st.stm32cube.ide.mcu.externaltools.gnu-tools-for-stm32.7-2018-q2-update.macos64_1.0.0.201904181610/tools/bin/../lib/gcc/arm-none-eabi/7.3.1/../../../../arm-none-eabi/lib/thumb/v7e-m/fpv4-sp/hard/libc_nano.a(lib_a-strlen.o)
 .ARM.attributes
                0x00000000000001aa       0x22 /Applications/STM32CubeIDE.app/Contents/Eclipse/plugins/com.st.stm32cube.ide.mcu.externaltools.gnu-tools-for-stm32.7-2018-q2-update.macos64_1.0.0.201904181610/tools/bin/../lib/gcc/arm-none-eabi/7.3.1/thumb/v7e-m/fpv4-sp/hard/crtn.o
OUTPUT(stm32f4xx_drivers.elf elf32-littlearm)

.debug_info     0x0000000000000000     0x201d
 .debug_info    0x0000000000000000      0x245 Src/001ledtoggle.o
 .debug_info    0x0000000000000245      0xbe3 Src/I2C_masterTX_test.o
 .debug_info    0x0000000000000e28       0x22 Startup/startup_stm32f407vgtx.o
 .debug_info    0x0000000000000e4a      0x719 drivers/src/st32f407xx_gpio_driver.o
 .debug_info    0x0000000000001563      0xaba drivers/src/stm32f407_i2c_driver.o

.debug_abbrev   0x0000000000000000      0x65b
 .debug_abbrev  0x0000000000000000      0x11c Src/001ledtoggle.o
 .debug_abbrev  0x000000000000011c      0x1cf Src/I2C_masterTX_test.o
 .debug_abbrev  0x00000000000002eb       0x12 Startup/startup_stm32f407vgtx.o
 .debug_abbrev  0x00000000000002fd      0x13a drivers/src/st32f407xx_gpio_driver.o
 .debug_abbrev  0x0000000000000437      0x224 drivers/src/stm32f407_i2c_driver.o

.debug_aranges  0x0000000000000000      0x1f8
 .debug_aranges
                0x0000000000000000       0x38 Src/001ledtoggle.o
 .debug_aranges
                0x0000000000000038       0x38 Src/I2C_masterTX_test.o
 .debug_aranges
                0x0000000000000070       0x28 Startup/startup_stm32f407vgtx.o
 .debug_aranges
                0x0000000000000098       0x70 drivers/src/st32f407xx_gpio_driver.o
 .debug_aranges
                0x0000000000000108       0xf0 drivers/src/stm32f407_i2c_driver.o

.debug_ranges   0x0000000000000000      0x1b0
 .debug_ranges  0x0000000000000000       0x28 Src/001ledtoggle.o
 .debug_ranges  0x0000000000000028       0x28 Src/I2C_masterTX_test.o
 .debug_ranges  0x0000000000000050       0x20 Startup/startup_stm32f407vgtx.o
 .debug_ranges  0x0000000000000070       0x60 drivers/src/st32f407xx_gpio_driver.o
 .debug_ranges  0x00000000000000d0       0xe0 drivers/src/stm32f407_i2c_driver.o

.debug_macro    0x0000000000000000     0x2a72
 .debug_macro   0x0000000000000000       0xa7 Src/001ledtoggle.o
 .debug_macro   0x00000000000000a7      0xa66 Src/001ledtoggle.o
 .debug_macro   0x0000000000000b0d       0x22 Src/001ledtoggle.o
 .debug_macro   0x0000000000000b2f       0x8e Src/001ledtoggle.o
 .debug_macro   0x0000000000000bbd       0x51 Src/001ledtoggle.o
 .debug_macro   0x0000000000000c0e       0xef Src/001ledtoggle.o
 .debug_macro   0x0000000000000cfd       0x6a Src/001ledtoggle.o
 .debug_macro   0x0000000000000d67      0x1df Src/001ledtoggle.o
 .debug_macro   0x0000000000000f46      0x174 Src/001ledtoggle.o
 .debug_macro   0x00000000000010ba      0x50d Src/001ledtoggle.o
 .debug_macro   0x00000000000015c7       0xd6 Src/001ledtoggle.o
 .debug_macro   0x000000000000169d       0xca Src/001ledtoggle.o
 .debug_macro   0x0000000000001767       0xd6 Src/001ledtoggle.o
 .debug_macro   0x000000000000183d      0x22f Src/I2C_masterTX_test.o
 .debug_macro   0x0000000000001a6c       0x40 Src/I2C_masterTX_test.o
 .debug_macro   0x0000000000001aac       0x18 Src/I2C_masterTX_test.o
 .debug_macro   0x0000000000001ac4       0x94 Src/I2C_masterTX_test.o
 .debug_macro   0x0000000000001b58       0x3c Src/I2C_masterTX_test.o
 .debug_macro   0x0000000000001b94       0x34 Src/I2C_masterTX_test.o
 .debug_macro   0x0000000000001bc8       0x16 Src/I2C_masterTX_test.o
 .debug_macro   0x0000000000001bde       0x57 Src/I2C_masterTX_test.o
 .debug_macro   0x0000000000001c35       0x97 Src/I2C_masterTX_test.o
 .debug_macro   0x0000000000001ccc      0x330 Src/I2C_masterTX_test.o
 .debug_macro   0x0000000000001ffc       0xfd Src/I2C_masterTX_test.o
 .debug_macro   0x00000000000020f9       0x10 Src/I2C_masterTX_test.o
 .debug_macro   0x0000000000002109       0x52 Src/I2C_masterTX_test.o
 .debug_macro   0x000000000000215b       0x1f Src/I2C_masterTX_test.o
 .debug_macro   0x000000000000217a       0x43 Src/I2C_masterTX_test.o
 .debug_macro   0x00000000000021bd       0x20 Src/I2C_masterTX_test.o
 .debug_macro   0x00000000000021dd      0x1a3 Src/I2C_masterTX_test.o
 .debug_macro   0x0000000000002380       0x10 Src/I2C_masterTX_test.o
 .debug_macro   0x0000000000002390       0x1c Src/I2C_masterTX_test.o
 .debug_macro   0x00000000000023ac       0x52 Src/I2C_masterTX_test.o
 .debug_macro   0x00000000000023fe       0x40 Src/I2C_masterTX_test.o
 .debug_macro   0x000000000000243e       0x10 Src/I2C_masterTX_test.o
 .debug_macro   0x000000000000244e       0x40 Src/I2C_masterTX_test.o
 .debug_macro   0x000000000000248e       0xd7 Src/I2C_masterTX_test.o
 .debug_macro   0x0000000000002565       0x1c Src/I2C_masterTX_test.o
 .debug_macro   0x0000000000002581       0x3d Src/I2C_masterTX_test.o
 .debug_macro   0x00000000000025be       0x16 Src/I2C_masterTX_test.o
 .debug_macro   0x00000000000025d4      0x145 Src/I2C_masterTX_test.o
 .debug_macro   0x0000000000002719       0x16 Src/I2C_masterTX_test.o
 .debug_macro   0x000000000000272f       0x35 Src/I2C_masterTX_test.o
 .debug_macro   0x0000000000002764       0x20 Src/I2C_masterTX_test.o
 .debug_macro   0x0000000000002784       0xad drivers/src/st32f407xx_gpio_driver.o
 .debug_macro   0x0000000000002831       0xc4 drivers/src/st32f407xx_gpio_driver.o
 .debug_macro   0x00000000000028f5       0xad drivers/src/stm32f407_i2c_driver.o
 .debug_macro   0x00000000000029a2       0xd0 drivers/src/stm32f407_i2c_driver.o

.debug_line     0x0000000000000000     0x1b35
 .debug_line    0x0000000000000000      0x4cd Src/001ledtoggle.o
 .debug_line    0x00000000000004cd      0x6e7 Src/I2C_masterTX_test.o
 .debug_line    0x0000000000000bb4       0x84 Startup/startup_stm32f407vgtx.o
 .debug_line    0x0000000000000c38      0x6bd drivers/src/st32f407xx_gpio_driver.o
 .debug_line    0x00000000000012f5      0x840 drivers/src/stm32f407_i2c_driver.o

.debug_str      0x0000000000000000     0xa886
 .debug_str     0x0000000000000000     0x601e Src/001ledtoggle.o
                                       0x621d (size before relaxing)
 .debug_str     0x000000000000601e     0x4263 Src/I2C_masterTX_test.o
                                       0xa4a2 (size before relaxing)
 .debug_str     0x000000000000a281       0x31 Startup/startup_stm32f407vgtx.o
                                         0x77 (size before relaxing)
 .debug_str     0x000000000000a2b2      0x2cb drivers/src/st32f407xx_gpio_driver.o
                                       0x64bb (size before relaxing)
 .debug_str     0x000000000000a57d      0x309 drivers/src/stm32f407_i2c_driver.o
                                       0x665f (size before relaxing)

.comment        0x0000000000000000       0x7b
 .comment       0x0000000000000000       0x7b Src/001ledtoggle.o
                                         0x7c (size before relaxing)
 .comment       0x000000000000007b       0x7c Src/I2C_masterTX_test.o
 .comment       0x000000000000007b       0x7c drivers/src/st32f407xx_gpio_driver.o
 .comment       0x000000000000007b       0x7c drivers/src/stm32f407_i2c_driver.o

.debug_frame    0x0000000000000000      0x744
 .debug_frame   0x0000000000000000       0x9c Src/001ledtoggle.o
 .debug_frame   0x000000000000009c       0x94 Src/I2C_masterTX_test.o
 .debug_frame   0x0000000000000130      0x1c8 drivers/src/st32f407xx_gpio_driver.o
 .debug_frame   0x00000000000002f8      0x420 drivers/src/stm32f407_i2c_driver.o
 .debug_frame   0x0000000000000718       0x2c /Applications/STM32CubeIDE.app/Contents/Eclipse/plugins/com.st.stm32cube.ide.mcu.externaltools.gnu-tools-for-stm32.7-2018-q2-update.macos64_1.0.0.201904181610/tools/bin/../lib/gcc/arm-none-eabi/7.3.1/../../../../arm-none-eabi/lib/thumb/v7e-m/fpv4-sp/hard/libc_nano.a(lib_a-init.o)
