Archive member included to satisfy reference by file (symbol)

/Applications/STM32CubeIDE.app/Contents/Eclipse/plugins/com.st.stm32cube.ide.mcu.externaltools.gnu-tools-for-stm32.7-2018-q2-update.macos64_1.0.0.201904181610/tools/bin/../lib/gcc/arm-none-eabi/7.3.1/../../../../arm-none-eabi/lib/thumb/v7e-m/fpv4-sp/hard/libc_nano.a(lib_a-errno.o)
                              Src/syscalls.o (__errno)
/Applications/STM32CubeIDE.app/Contents/Eclipse/plugins/com.st.stm32cube.ide.mcu.externaltools.gnu-tools-for-stm32.7-2018-q2-update.macos64_1.0.0.201904181610/tools/bin/../lib/gcc/arm-none-eabi/7.3.1/../../../../arm-none-eabi/lib/thumb/v7e-m/fpv4-sp/hard/libc_nano.a(lib_a-exit.o)
                              /Applications/STM32CubeIDE.app/Contents/Eclipse/plugins/com.st.stm32cube.ide.mcu.externaltools.gnu-tools-for-stm32.7-2018-q2-update.macos64_1.0.0.201904181610/tools/bin/../lib/gcc/arm-none-eabi/7.3.1/../../../../arm-none-eabi/lib/thumb/v7e-m/fpv4-sp/hard/crt0.o (exit)
/Applications/STM32CubeIDE.app/Contents/Eclipse/plugins/com.st.stm32cube.ide.mcu.externaltools.gnu-tools-for-stm32.7-2018-q2-update.macos64_1.0.0.201904181610/tools/bin/../lib/gcc/arm-none-eabi/7.3.1/../../../../arm-none-eabi/lib/thumb/v7e-m/fpv4-sp/hard/libc_nano.a(lib_a-impure.o)
                              /Applications/STM32CubeIDE.app/Contents/Eclipse/plugins/com.st.stm32cube.ide.mcu.externaltools.gnu-tools-for-stm32.7-2018-q2-update.macos64_1.0.0.201904181610/tools/bin/../lib/gcc/arm-none-eabi/7.3.1/../../../../arm-none-eabi/lib/thumb/v7e-m/fpv4-sp/hard/libc_nano.a(lib_a-exit.o) (_global_impure_ptr)
/Applications/STM32CubeIDE.app/Contents/Eclipse/plugins/com.st.stm32cube.ide.mcu.externaltools.gnu-tools-for-stm32.7-2018-q2-update.macos64_1.0.0.201904181610/tools/bin/../lib/gcc/arm-none-eabi/7.3.1/../../../../arm-none-eabi/lib/thumb/v7e-m/fpv4-sp/hard/libc_nano.a(lib_a-init.o)
                              /Applications/STM32CubeIDE.app/Contents/Eclipse/plugins/com.st.stm32cube.ide.mcu.externaltools.gnu-tools-for-stm32.7-2018-q2-update.macos64_1.0.0.201904181610/tools/bin/../lib/gcc/arm-none-eabi/7.3.1/../../../../arm-none-eabi/lib/thumb/v7e-m/fpv4-sp/hard/crt0.o (__libc_init_array)
/Applications/STM32CubeIDE.app/Contents/Eclipse/plugins/com.st.stm32cube.ide.mcu.externaltools.gnu-tools-for-stm32.7-2018-q2-update.macos64_1.0.0.201904181610/tools/bin/../lib/gcc/arm-none-eabi/7.3.1/../../../../arm-none-eabi/lib/thumb/v7e-m/fpv4-sp/hard/libc_nano.a(lib_a-memset.o)
                              /Applications/STM32CubeIDE.app/Contents/Eclipse/plugins/com.st.stm32cube.ide.mcu.externaltools.gnu-tools-for-stm32.7-2018-q2-update.macos64_1.0.0.201904181610/tools/bin/../lib/gcc/arm-none-eabi/7.3.1/../../../../arm-none-eabi/lib/thumb/v7e-m/fpv4-sp/hard/crt0.o (memset)
/Applications/STM32CubeIDE.app/Contents/Eclipse/plugins/com.st.stm32cube.ide.mcu.externaltools.gnu-tools-for-stm32.7-2018-q2-update.macos64_1.0.0.201904181610/tools/bin/../lib/gcc/arm-none-eabi/7.3.1/../../../../arm-none-eabi/lib/thumb/v7e-m/fpv4-sp/hard/libc_nano.a(lib_a-strlen.o)
                              Src/SPI_testing.o (strlen)

Discarded input sections

 .text          0x0000000000000000        0x0 /Applications/STM32CubeIDE.app/Contents/Eclipse/plugins/com.st.stm32cube.ide.mcu.externaltools.gnu-tools-for-stm32.7-2018-q2-update.macos64_1.0.0.201904181610/tools/bin/../lib/gcc/arm-none-eabi/7.3.1/thumb/v7e-m/fpv4-sp/hard/crti.o
 .data          0x0000000000000000        0x0 /Applications/STM32CubeIDE.app/Contents/Eclipse/plugins/com.st.stm32cube.ide.mcu.externaltools.gnu-tools-for-stm32.7-2018-q2-update.macos64_1.0.0.201904181610/tools/bin/../lib/gcc/arm-none-eabi/7.3.1/thumb/v7e-m/fpv4-sp/hard/crti.o
 .bss           0x0000000000000000        0x0 /Applications/STM32CubeIDE.app/Contents/Eclipse/plugins/com.st.stm32cube.ide.mcu.externaltools.gnu-tools-for-stm32.7-2018-q2-update.macos64_1.0.0.201904181610/tools/bin/../lib/gcc/arm-none-eabi/7.3.1/thumb/v7e-m/fpv4-sp/hard/crti.o
 .data          0x0000000000000000        0x4 /Applications/STM32CubeIDE.app/Contents/Eclipse/plugins/com.st.stm32cube.ide.mcu.externaltools.gnu-tools-for-stm32.7-2018-q2-update.macos64_1.0.0.201904181610/tools/bin/../lib/gcc/arm-none-eabi/7.3.1/thumb/v7e-m/fpv4-sp/hard/crtbegin.o
 .text          0x0000000000000000       0x74 /Applications/STM32CubeIDE.app/Contents/Eclipse/plugins/com.st.stm32cube.ide.mcu.externaltools.gnu-tools-for-stm32.7-2018-q2-update.macos64_1.0.0.201904181610/tools/bin/../lib/gcc/arm-none-eabi/7.3.1/../../../../arm-none-eabi/lib/thumb/v7e-m/fpv4-sp/hard/crt0.o
 .data          0x0000000000000000        0x0 /Applications/STM32CubeIDE.app/Contents/Eclipse/plugins/com.st.stm32cube.ide.mcu.externaltools.gnu-tools-for-stm32.7-2018-q2-update.macos64_1.0.0.201904181610/tools/bin/../lib/gcc/arm-none-eabi/7.3.1/../../../../arm-none-eabi/lib/thumb/v7e-m/fpv4-sp/hard/crt0.o
 .bss           0x0000000000000000        0x0 /Applications/STM32CubeIDE.app/Contents/Eclipse/plugins/com.st.stm32cube.ide.mcu.externaltools.gnu-tools-for-stm32.7-2018-q2-update.macos64_1.0.0.201904181610/tools/bin/../lib/gcc/arm-none-eabi/7.3.1/../../../../arm-none-eabi/lib/thumb/v7e-m/fpv4-sp/hard/crt0.o
 .ARM.extab     0x0000000000000000        0x0 /Applications/STM32CubeIDE.app/Contents/Eclipse/plugins/com.st.stm32cube.ide.mcu.externaltools.gnu-tools-for-stm32.7-2018-q2-update.macos64_1.0.0.201904181610/tools/bin/../lib/gcc/arm-none-eabi/7.3.1/../../../../arm-none-eabi/lib/thumb/v7e-m/fpv4-sp/hard/crt0.o
 .ARM.exidx     0x0000000000000000        0x8 /Applications/STM32CubeIDE.app/Contents/Eclipse/plugins/com.st.stm32cube.ide.mcu.externaltools.gnu-tools-for-stm32.7-2018-q2-update.macos64_1.0.0.201904181610/tools/bin/../lib/gcc/arm-none-eabi/7.3.1/../../../../arm-none-eabi/lib/thumb/v7e-m/fpv4-sp/hard/crt0.o
 .ARM.attributes
                0x0000000000000000       0x20 /Applications/STM32CubeIDE.app/Contents/Eclipse/plugins/com.st.stm32cube.ide.mcu.externaltools.gnu-tools-for-stm32.7-2018-q2-update.macos64_1.0.0.201904181610/tools/bin/../lib/gcc/arm-none-eabi/7.3.1/../../../../arm-none-eabi/lib/thumb/v7e-m/fpv4-sp/hard/crt0.o
 .group         0x0000000000000000        0xc Src/001ledtoggle.o
 .group         0x0000000000000000        0xc Src/001ledtoggle.o
 .group         0x0000000000000000        0xc Src/001ledtoggle.o
 .group         0x0000000000000000        0xc Src/001ledtoggle.o
 .group         0x0000000000000000        0xc Src/001ledtoggle.o
 .group         0x0000000000000000        0xc Src/001ledtoggle.o
 .group         0x0000000000000000        0xc Src/001ledtoggle.o
 .group         0x0000000000000000        0xc Src/001ledtoggle.o
 .group         0x0000000000000000        0xc Src/001ledtoggle.o
 .group         0x0000000000000000        0xc Src/001ledtoggle.o
 .group         0x0000000000000000        0xc Src/001ledtoggle.o
 .group         0x0000000000000000        0xc Src/001ledtoggle.o
 .text          0x0000000000000000        0x0 Src/001ledtoggle.o
 .data          0x0000000000000000        0x0 Src/001ledtoggle.o
 .bss           0x0000000000000000        0x0 Src/001ledtoggle.o
 .text.delay    0x0000000000000000       0x2c Src/001ledtoggle.o
 .text.waitMicrosecond
                0x0000000000000000       0x2a Src/001ledtoggle.o
 .text.main1    0x0000000000000000       0x44 Src/001ledtoggle.o
 .group         0x0000000000000000        0xc Src/SPI_testing.o
 .group         0x0000000000000000        0xc Src/SPI_testing.o
 .group         0x0000000000000000        0xc Src/SPI_testing.o
 .group         0x0000000000000000        0xc Src/SPI_testing.o
 .group         0x0000000000000000        0xc Src/SPI_testing.o
 .group         0x0000000000000000        0xc Src/SPI_testing.o
 .group         0x0000000000000000        0xc Src/SPI_testing.o
 .group         0x0000000000000000        0xc Src/SPI_testing.o
 .group         0x0000000000000000        0xc Src/SPI_testing.o
 .group         0x0000000000000000        0xc Src/SPI_testing.o
 .group         0x0000000000000000        0xc Src/SPI_testing.o
 .group         0x0000000000000000        0xc Src/SPI_testing.o
 .group         0x0000000000000000        0xc Src/SPI_testing.o
 .group         0x0000000000000000        0xc Src/SPI_testing.o
 .group         0x0000000000000000        0xc Src/SPI_testing.o
 .group         0x0000000000000000        0xc Src/SPI_testing.o
 .group         0x0000000000000000        0xc Src/SPI_testing.o
 .group         0x0000000000000000        0xc Src/SPI_testing.o
 .group         0x0000000000000000        0xc Src/SPI_testing.o
 .group         0x0000000000000000        0xc Src/SPI_testing.o
 .group         0x0000000000000000        0xc Src/SPI_testing.o
 .group         0x0000000000000000        0xc Src/SPI_testing.o
 .group         0x0000000000000000        0xc Src/SPI_testing.o
 .group         0x0000000000000000        0xc Src/SPI_testing.o
 .group         0x0000000000000000        0xc Src/SPI_testing.o
 .text          0x0000000000000000        0x0 Src/SPI_testing.o
 .data          0x0000000000000000        0x0 Src/SPI_testing.o
 .bss           0x0000000000000000        0x0 Src/SPI_testing.o
 .debug_macro   0x0000000000000000      0xa66 Src/SPI_testing.o
 .debug_macro   0x0000000000000000       0x22 Src/SPI_testing.o
 .debug_macro   0x0000000000000000       0x8e Src/SPI_testing.o
 .debug_macro   0x0000000000000000       0x51 Src/SPI_testing.o
 .debug_macro   0x0000000000000000       0xef Src/SPI_testing.o
 .debug_macro   0x0000000000000000       0x6a Src/SPI_testing.o
 .debug_macro   0x0000000000000000      0x1df Src/SPI_testing.o
 .debug_macro   0x0000000000000000      0x174 Src/SPI_testing.o
 .debug_macro   0x0000000000000000      0x50d Src/SPI_testing.o
 .debug_macro   0x0000000000000000       0xd6 Src/SPI_testing.o
 .debug_macro   0x0000000000000000       0xca Src/SPI_testing.o
 .debug_macro   0x0000000000000000       0xd6 Src/SPI_testing.o
 .group         0x0000000000000000        0xc Src/syscalls.o
 .group         0x0000000000000000        0xc Src/syscalls.o
 .group         0x0000000000000000        0xc Src/syscalls.o
 .group         0x0000000000000000        0xc Src/syscalls.o
 .group         0x0000000000000000        0xc Src/syscalls.o
 .group         0x0000000000000000        0xc Src/syscalls.o
 .group         0x0000000000000000        0xc Src/syscalls.o
 .group         0x0000000000000000        0xc Src/syscalls.o
 .group         0x0000000000000000        0xc Src/syscalls.o
 .group         0x0000000000000000        0xc Src/syscalls.o
 .group         0x0000000000000000        0xc Src/syscalls.o
 .group         0x0000000000000000        0xc Src/syscalls.o
 .group         0x0000000000000000        0xc Src/syscalls.o
 .group         0x0000000000000000        0xc Src/syscalls.o
 .group         0x0000000000000000        0xc Src/syscalls.o
 .group         0x0000000000000000        0xc Src/syscalls.o
 .group         0x0000000000000000        0xc Src/syscalls.o
 .group         0x0000000000000000        0xc Src/syscalls.o
 .group         0x0000000000000000        0xc Src/syscalls.o
 .group         0x0000000000000000        0xc Src/syscalls.o
 .group         0x0000000000000000        0xc Src/syscalls.o
 .group         0x0000000000000000        0xc Src/syscalls.o
 .group         0x0000000000000000        0xc Src/syscalls.o
 .group         0x0000000000000000        0xc Src/syscalls.o
 .group         0x0000000000000000        0xc Src/syscalls.o
 .group         0x0000000000000000        0xc Src/syscalls.o
 .group         0x0000000000000000        0xc Src/syscalls.o
 .group         0x0000000000000000        0xc Src/syscalls.o
 .group         0x0000000000000000        0xc Src/syscalls.o
 .group         0x0000000000000000        0xc Src/syscalls.o
 .group         0x0000000000000000        0xc Src/syscalls.o
 .group         0x0000000000000000        0xc Src/syscalls.o
 .group         0x0000000000000000        0xc Src/syscalls.o
 .group         0x0000000000000000        0xc Src/syscalls.o
 .group         0x0000000000000000        0xc Src/syscalls.o
 .group         0x0000000000000000        0xc Src/syscalls.o
 .group         0x0000000000000000        0xc Src/syscalls.o
 .group         0x0000000000000000        0xc Src/syscalls.o
 .group         0x0000000000000000        0xc Src/syscalls.o
 .group         0x0000000000000000        0xc Src/syscalls.o
 .group         0x0000000000000000        0xc Src/syscalls.o
 .group         0x0000000000000000        0xc Src/syscalls.o
 .group         0x0000000000000000        0xc Src/syscalls.o
 .group         0x0000000000000000        0xc Src/syscalls.o
 .text          0x0000000000000000        0x0 Src/syscalls.o
 .data          0x0000000000000000        0x0 Src/syscalls.o
 .bss           0x0000000000000000        0x0 Src/syscalls.o
 .bss.__env     0x0000000000000000        0x4 Src/syscalls.o
 .data.environ  0x0000000000000000        0x4 Src/syscalls.o
 .text.initialise_monitor_handles
                0x0000000000000000        0xe Src/syscalls.o
 .text._getpid  0x0000000000000000       0x10 Src/syscalls.o
 .text._kill    0x0000000000000000       0x20 Src/syscalls.o
 .text._exit    0x0000000000000000       0x14 Src/syscalls.o
 .text._read    0x0000000000000000       0x3a Src/syscalls.o
 .text._write   0x0000000000000000       0x38 Src/syscalls.o
 .text._close   0x0000000000000000       0x18 Src/syscalls.o
 .text._fstat   0x0000000000000000       0x20 Src/syscalls.o
 .text._isatty  0x0000000000000000       0x16 Src/syscalls.o
 .text._lseek   0x0000000000000000       0x1a Src/syscalls.o
 .text._open    0x0000000000000000       0x1c Src/syscalls.o
 .text._wait    0x0000000000000000       0x1e Src/syscalls.o
 .text._unlink  0x0000000000000000       0x1e Src/syscalls.o
 .text._times   0x0000000000000000       0x18 Src/syscalls.o
 .text._stat    0x0000000000000000       0x20 Src/syscalls.o
 .text._link    0x0000000000000000       0x20 Src/syscalls.o
 .text._fork    0x0000000000000000       0x16 Src/syscalls.o
 .text._execve  0x0000000000000000       0x22 Src/syscalls.o
 .debug_info    0x0000000000000000      0xebd Src/syscalls.o
 .debug_abbrev  0x0000000000000000      0x261 Src/syscalls.o
 .debug_aranges
                0x0000000000000000       0xa8 Src/syscalls.o
 .debug_ranges  0x0000000000000000       0x98 Src/syscalls.o
 .debug_macro   0x0000000000000000      0x243 Src/syscalls.o
 .debug_macro   0x0000000000000000      0xa66 Src/syscalls.o
 .debug_macro   0x0000000000000000       0x22 Src/syscalls.o
 .debug_macro   0x0000000000000000       0x40 Src/syscalls.o
 .debug_macro   0x0000000000000000       0x18 Src/syscalls.o
 .debug_macro   0x0000000000000000       0x94 Src/syscalls.o
 .debug_macro   0x0000000000000000       0x3c Src/syscalls.o
 .debug_macro   0x0000000000000000       0x34 Src/syscalls.o
 .debug_macro   0x0000000000000000       0x57 Src/syscalls.o
 .debug_macro   0x0000000000000000      0x174 Src/syscalls.o
 .debug_macro   0x0000000000000000      0x330 Src/syscalls.o
 .debug_macro   0x0000000000000000       0x52 Src/syscalls.o
 .debug_macro   0x0000000000000000       0x1f Src/syscalls.o
 .debug_macro   0x0000000000000000       0x43 Src/syscalls.o
 .debug_macro   0x0000000000000000       0x20 Src/syscalls.o
 .debug_macro   0x0000000000000000      0x1a3 Src/syscalls.o
 .debug_macro   0x0000000000000000       0x10 Src/syscalls.o
 .debug_macro   0x0000000000000000       0x35 Src/syscalls.o
 .debug_macro   0x0000000000000000       0x10 Src/syscalls.o
 .debug_macro   0x0000000000000000       0x10 Src/syscalls.o
 .debug_macro   0x0000000000000000       0x10 Src/syscalls.o
 .debug_macro   0x0000000000000000       0x6a Src/syscalls.o
 .debug_macro   0x0000000000000000       0x1c Src/syscalls.o
 .debug_macro   0x0000000000000000       0x52 Src/syscalls.o
 .debug_macro   0x0000000000000000       0x40 Src/syscalls.o
 .debug_macro   0x0000000000000000       0x10 Src/syscalls.o
 .debug_macro   0x0000000000000000       0x40 Src/syscalls.o
 .debug_macro   0x0000000000000000       0xd7 Src/syscalls.o
 .debug_macro   0x0000000000000000       0x1c Src/syscalls.o
 .debug_macro   0x0000000000000000       0x3d Src/syscalls.o
 .debug_macro   0x0000000000000000       0x35 Src/syscalls.o
 .debug_macro   0x0000000000000000      0x122 Src/syscalls.o
 .debug_macro   0x0000000000000000       0x16 Src/syscalls.o
 .debug_macro   0x0000000000000000       0x16 Src/syscalls.o
 .debug_macro   0x0000000000000000       0x29 Src/syscalls.o
 .debug_macro   0x0000000000000000       0x10 Src/syscalls.o
 .debug_macro   0x0000000000000000      0x241 Src/syscalls.o
 .debug_macro   0x0000000000000000       0x1c Src/syscalls.o
 .debug_macro   0x0000000000000000       0x10 Src/syscalls.o
 .debug_macro   0x0000000000000000       0x10 Src/syscalls.o
 .debug_macro   0x0000000000000000       0x16 Src/syscalls.o
 .debug_macro   0x0000000000000000      0x145 Src/syscalls.o
 .debug_macro   0x0000000000000000      0x189 Src/syscalls.o
 .debug_macro   0x0000000000000000       0x16 Src/syscalls.o
 .debug_macro   0x0000000000000000       0x88 Src/syscalls.o
 .debug_line    0x0000000000000000      0x779 Src/syscalls.o
 .debug_str     0x0000000000000000     0x88b2 Src/syscalls.o
 .comment       0x0000000000000000       0x7c Src/syscalls.o
 .debug_frame   0x0000000000000000      0x2ac Src/syscalls.o
 .ARM.attributes
                0x0000000000000000       0x39 Src/syscalls.o
 .group         0x0000000000000000        0xc Src/sysmem.o
 .group         0x0000000000000000        0xc Src/sysmem.o
 .group         0x0000000000000000        0xc Src/sysmem.o
 .group         0x0000000000000000        0xc Src/sysmem.o
 .group         0x0000000000000000        0xc Src/sysmem.o
 .group         0x0000000000000000        0xc Src/sysmem.o
 .group         0x0000000000000000        0xc Src/sysmem.o
 .group         0x0000000000000000        0xc Src/sysmem.o
 .group         0x0000000000000000        0xc Src/sysmem.o
 .group         0x0000000000000000        0xc Src/sysmem.o
 .group         0x0000000000000000        0xc Src/sysmem.o
 .group         0x0000000000000000        0xc Src/sysmem.o
 .group         0x0000000000000000        0xc Src/sysmem.o
 .group         0x0000000000000000        0xc Src/sysmem.o
 .group         0x0000000000000000        0xc Src/sysmem.o
 .group         0x0000000000000000        0xc Src/sysmem.o
 .group         0x0000000000000000        0xc Src/sysmem.o
 .group         0x0000000000000000        0xc Src/sysmem.o
 .group         0x0000000000000000        0xc Src/sysmem.o
 .group         0x0000000000000000        0xc Src/sysmem.o
 .group         0x0000000000000000        0xc Src/sysmem.o
 .group         0x0000000000000000        0xc Src/sysmem.o
 .group         0x0000000000000000        0xc Src/sysmem.o
 .group         0x0000000000000000        0xc Src/sysmem.o
 .group         0x0000000000000000        0xc Src/sysmem.o
 .group         0x0000000000000000        0xc Src/sysmem.o
 .group         0x0000000000000000        0xc Src/sysmem.o
 .group         0x0000000000000000        0xc Src/sysmem.o
 .group         0x0000000000000000        0xc Src/sysmem.o
 .group         0x0000000000000000        0xc Src/sysmem.o
 .group         0x0000000000000000        0xc Src/sysmem.o
 .group         0x0000000000000000        0xc Src/sysmem.o
 .text          0x0000000000000000        0x0 Src/sysmem.o
 .data          0x0000000000000000        0x0 Src/sysmem.o
 .bss           0x0000000000000000        0x0 Src/sysmem.o
 .bss.heap_end.6424
                0x0000000000000000        0x4 Src/sysmem.o
 .text._sbrk    0x0000000000000000       0x58 Src/sysmem.o
 .debug_info    0x0000000000000000      0x91c Src/sysmem.o
 .debug_abbrev  0x0000000000000000      0x1bb Src/sysmem.o
 .debug_aranges
                0x0000000000000000       0x20 Src/sysmem.o
 .debug_ranges  0x0000000000000000       0x10 Src/sysmem.o
 .debug_macro   0x0000000000000000      0x1ae Src/sysmem.o
 .debug_macro   0x0000000000000000      0xa66 Src/sysmem.o
 .debug_macro   0x0000000000000000       0x10 Src/sysmem.o
 .debug_macro   0x0000000000000000       0x22 Src/sysmem.o
 .debug_macro   0x0000000000000000       0x40 Src/sysmem.o
 .debug_macro   0x0000000000000000       0x18 Src/sysmem.o
 .debug_macro   0x0000000000000000       0x94 Src/sysmem.o
 .debug_macro   0x0000000000000000       0x3c Src/sysmem.o
 .debug_macro   0x0000000000000000       0x34 Src/sysmem.o
 .debug_macro   0x0000000000000000      0x174 Src/sysmem.o
 .debug_macro   0x0000000000000000       0x57 Src/sysmem.o
 .debug_macro   0x0000000000000000       0x52 Src/sysmem.o
 .debug_macro   0x0000000000000000       0x1f Src/sysmem.o
 .debug_macro   0x0000000000000000       0x43 Src/sysmem.o
 .debug_macro   0x0000000000000000       0x20 Src/sysmem.o
 .debug_macro   0x0000000000000000      0x1a3 Src/sysmem.o
 .debug_macro   0x0000000000000000      0x23b Src/sysmem.o
 .debug_macro   0x0000000000000000       0x16 Src/sysmem.o
 .debug_macro   0x0000000000000000       0x35 Src/sysmem.o
 .debug_macro   0x0000000000000000      0x330 Src/sysmem.o
 .debug_macro   0x0000000000000000       0x10 Src/sysmem.o
 .debug_macro   0x0000000000000000       0x10 Src/sysmem.o
 .debug_macro   0x0000000000000000       0x6a Src/sysmem.o
 .debug_macro   0x0000000000000000       0x1c Src/sysmem.o
 .debug_macro   0x0000000000000000       0x52 Src/sysmem.o
 .debug_macro   0x0000000000000000       0x40 Src/sysmem.o
 .debug_macro   0x0000000000000000       0x10 Src/sysmem.o
 .debug_macro   0x0000000000000000       0x40 Src/sysmem.o
 .debug_macro   0x0000000000000000       0xd7 Src/sysmem.o
 .debug_macro   0x0000000000000000       0x1c Src/sysmem.o
 .debug_macro   0x0000000000000000       0x3d Src/sysmem.o
 .debug_macro   0x0000000000000000       0x16 Src/sysmem.o
 .debug_macro   0x0000000000000000      0x145 Src/sysmem.o
 .debug_line    0x0000000000000000      0x595 Src/sysmem.o
 .debug_str     0x0000000000000000     0x7b0b Src/sysmem.o
 .comment       0x0000000000000000       0x7c Src/sysmem.o
 .debug_frame   0x0000000000000000       0x34 Src/sysmem.o
 .ARM.attributes
                0x0000000000000000       0x39 Src/sysmem.o
 .text          0x0000000000000000       0x14 Startup/startup_stm32f407vgtx.o
 .data          0x0000000000000000        0x0 Startup/startup_stm32f407vgtx.o
 .bss           0x0000000000000000        0x0 Startup/startup_stm32f407vgtx.o
 .group         0x0000000000000000        0xc drivers/src/st32f407xx_gpio_driver.o
 .group         0x0000000000000000        0xc drivers/src/st32f407xx_gpio_driver.o
 .group         0x0000000000000000        0xc drivers/src/st32f407xx_gpio_driver.o
 .group         0x0000000000000000        0xc drivers/src/st32f407xx_gpio_driver.o
 .group         0x0000000000000000        0xc drivers/src/st32f407xx_gpio_driver.o
 .group         0x0000000000000000        0xc drivers/src/st32f407xx_gpio_driver.o
 .group         0x0000000000000000        0xc drivers/src/st32f407xx_gpio_driver.o
 .group         0x0000000000000000        0xc drivers/src/st32f407xx_gpio_driver.o
 .group         0x0000000000000000        0xc drivers/src/st32f407xx_gpio_driver.o
 .group         0x0000000000000000        0xc drivers/src/st32f407xx_gpio_driver.o
 .group         0x0000000000000000        0xc drivers/src/st32f407xx_gpio_driver.o
 .group         0x0000000000000000        0xc drivers/src/st32f407xx_gpio_driver.o
 .text          0x0000000000000000        0x0 drivers/src/st32f407xx_gpio_driver.o
 .data          0x0000000000000000        0x0 drivers/src/st32f407xx_gpio_driver.o
 .bss           0x0000000000000000        0x0 drivers/src/st32f407xx_gpio_driver.o
 .text.GPIO_DeInit
                0x0000000000000000      0x16c drivers/src/st32f407xx_gpio_driver.o
 .text.GPIO_ReadFromInputPin
                0x0000000000000000       0x2c drivers/src/st32f407xx_gpio_driver.o
 .text.GPIO_ReadFromInputPort
                0x0000000000000000       0x1c drivers/src/st32f407xx_gpio_driver.o
 .text.GPIO_WrtieToOutputPin
                0x0000000000000000       0x4a drivers/src/st32f407xx_gpio_driver.o
 .text.GPIO_WriteToOutputPort
                0x0000000000000000       0x1e drivers/src/st32f407xx_gpio_driver.o
 .text.GPIO_ToggleOutputPin
                0x0000000000000000       0x2a drivers/src/st32f407xx_gpio_driver.o
 .text.GPIO_IRQConfig
                0x0000000000000000      0x10c drivers/src/st32f407xx_gpio_driver.o
 .text.GPIO_IRQPriorityConfig
                0x0000000000000000       0x48 drivers/src/st32f407xx_gpio_driver.o
 .debug_macro   0x0000000000000000      0xa66 drivers/src/st32f407xx_gpio_driver.o
 .debug_macro   0x0000000000000000       0x22 drivers/src/st32f407xx_gpio_driver.o
 .debug_macro   0x0000000000000000       0x8e drivers/src/st32f407xx_gpio_driver.o
 .debug_macro   0x0000000000000000       0x51 drivers/src/st32f407xx_gpio_driver.o
 .debug_macro   0x0000000000000000       0xef drivers/src/st32f407xx_gpio_driver.o
 .debug_macro   0x0000000000000000       0x6a drivers/src/st32f407xx_gpio_driver.o
 .debug_macro   0x0000000000000000      0x1df drivers/src/st32f407xx_gpio_driver.o
 .debug_macro   0x0000000000000000      0x174 drivers/src/st32f407xx_gpio_driver.o
 .debug_macro   0x0000000000000000      0x50d drivers/src/st32f407xx_gpio_driver.o
 .debug_macro   0x0000000000000000       0xd6 drivers/src/st32f407xx_gpio_driver.o
 .debug_macro   0x0000000000000000       0xd6 drivers/src/st32f407xx_gpio_driver.o
 .group         0x0000000000000000        0xc drivers/src/stm32f407_i2c_driver.o
 .group         0x0000000000000000        0xc drivers/src/stm32f407_i2c_driver.o
 .group         0x0000000000000000        0xc drivers/src/stm32f407_i2c_driver.o
 .group         0x0000000000000000        0xc drivers/src/stm32f407_i2c_driver.o
 .group         0x0000000000000000        0xc drivers/src/stm32f407_i2c_driver.o
 .group         0x0000000000000000        0xc drivers/src/stm32f407_i2c_driver.o
 .group         0x0000000000000000        0xc drivers/src/stm32f407_i2c_driver.o
 .group         0x0000000000000000        0xc drivers/src/stm32f407_i2c_driver.o
 .group         0x0000000000000000        0xc drivers/src/stm32f407_i2c_driver.o
 .group         0x0000000000000000        0xc drivers/src/stm32f407_i2c_driver.o
 .group         0x0000000000000000        0xc drivers/src/stm32f407_i2c_driver.o
 .group         0x0000000000000000        0xc drivers/src/stm32f407_i2c_driver.o
 .text          0x0000000000000000        0x0 drivers/src/stm32f407_i2c_driver.o
 .data          0x0000000000000000        0x0 drivers/src/stm32f407_i2c_driver.o
 .bss           0x0000000000000000        0x0 drivers/src/stm32f407_i2c_driver.o
 .data.AHB_ARRAY
                0x0000000000000000       0x20 drivers/src/stm32f407_i2c_driver.o
 .data.AHB_ARRAY1
                0x0000000000000000       0x10 drivers/src/stm32f407_i2c_driver.o
 .text.I2C_GenerateStartCondition
                0x0000000000000000       0x20 drivers/src/stm32f407_i2c_driver.o
 .text.I2C_ExecuteAddressPhaseWrite
                0x0000000000000000       0x2c drivers/src/stm32f407_i2c_driver.o
 .text.I2C_ExecuteAddressPhaseRead
                0x0000000000000000       0x2c drivers/src/stm32f407_i2c_driver.o
 .text.I2C_ClearADDRFlag
                0x0000000000000000       0x6e drivers/src/stm32f407_i2c_driver.o
 .text.I2C_Init
                0x0000000000000000      0x164 drivers/src/stm32f407_i2c_driver.o
 .text.RCC_GetPCLK1Value
                0x0000000000000000       0xa8 drivers/src/stm32f407_i2c_driver.o
 .text.I2C_PeripheralControl
                0x0000000000000000       0x38 drivers/src/stm32f407_i2c_driver.o
 .text.I2C_PeriClockControl
                0x0000000000000000       0xb0 drivers/src/stm32f407_i2c_driver.o
 .text.I2C_GetFlagStatus
                0x0000000000000000       0x34 drivers/src/stm32f407_i2c_driver.o
 .text.I2C_DeInit
                0x0000000000000000       0x88 drivers/src/stm32f407_i2c_driver.o
 .text.I2C_MasterSendData
                0x0000000000000000       0xc6 drivers/src/stm32f407_i2c_driver.o
 .text.I2C_IRQConfig
                0x0000000000000000      0x10c drivers/src/stm32f407_i2c_driver.o
 .text.I2C_IRQPriorityConfig
                0x0000000000000000       0x46 drivers/src/stm32f407_i2c_driver.o
 .debug_info    0x0000000000000000      0x73c drivers/src/stm32f407_i2c_driver.o
 .debug_abbrev  0x0000000000000000      0x1c0 drivers/src/stm32f407_i2c_driver.o
 .debug_aranges
                0x0000000000000000       0x80 drivers/src/stm32f407_i2c_driver.o
 .debug_ranges  0x0000000000000000       0x70 drivers/src/stm32f407_i2c_driver.o
 .debug_macro   0x0000000000000000       0xad drivers/src/stm32f407_i2c_driver.o
 .debug_macro   0x0000000000000000      0xa66 drivers/src/stm32f407_i2c_driver.o
 .debug_macro   0x0000000000000000       0x22 drivers/src/stm32f407_i2c_driver.o
 .debug_macro   0x0000000000000000       0x8e drivers/src/stm32f407_i2c_driver.o
 .debug_macro   0x0000000000000000       0x51 drivers/src/stm32f407_i2c_driver.o
 .debug_macro   0x0000000000000000       0xef drivers/src/stm32f407_i2c_driver.o
 .debug_macro   0x0000000000000000       0x6a drivers/src/stm32f407_i2c_driver.o
 .debug_macro   0x0000000000000000      0x1df drivers/src/stm32f407_i2c_driver.o
 .debug_macro   0x0000000000000000      0x174 drivers/src/stm32f407_i2c_driver.o
 .debug_macro   0x0000000000000000      0x50d drivers/src/stm32f407_i2c_driver.o
 .debug_macro   0x0000000000000000       0xd6 drivers/src/stm32f407_i2c_driver.o
 .debug_macro   0x0000000000000000       0xca drivers/src/stm32f407_i2c_driver.o
 .debug_macro   0x0000000000000000       0xd0 drivers/src/stm32f407_i2c_driver.o
 .debug_line    0x0000000000000000      0x63f drivers/src/stm32f407_i2c_driver.o
 .debug_str     0x0000000000000000     0x64f3 drivers/src/stm32f407_i2c_driver.o
 .comment       0x0000000000000000       0x7c drivers/src/stm32f407_i2c_driver.o
 .debug_frame   0x0000000000000000      0x20c drivers/src/stm32f407_i2c_driver.o
 .ARM.attributes
                0x0000000000000000       0x39 drivers/src/stm32f407_i2c_driver.o
 .group         0x0000000000000000        0xc drivers/src/stm32f407_spi_driver.o
 .group         0x0000000000000000        0xc drivers/src/stm32f407_spi_driver.o
 .group         0x0000000000000000        0xc drivers/src/stm32f407_spi_driver.o
 .group         0x0000000000000000        0xc drivers/src/stm32f407_spi_driver.o
 .group         0x0000000000000000        0xc drivers/src/stm32f407_spi_driver.o
 .group         0x0000000000000000        0xc drivers/src/stm32f407_spi_driver.o
 .group         0x0000000000000000        0xc drivers/src/stm32f407_spi_driver.o
 .group         0x0000000000000000        0xc drivers/src/stm32f407_spi_driver.o
 .group         0x0000000000000000        0xc drivers/src/stm32f407_spi_driver.o
 .group         0x0000000000000000        0xc drivers/src/stm32f407_spi_driver.o
 .group         0x0000000000000000        0xc drivers/src/stm32f407_spi_driver.o
 .group         0x0000000000000000        0xc drivers/src/stm32f407_spi_driver.o
 .text          0x0000000000000000        0x0 drivers/src/stm32f407_spi_driver.o
 .data          0x0000000000000000        0x0 drivers/src/stm32f407_spi_driver.o
 .bss           0x0000000000000000        0x0 drivers/src/stm32f407_spi_driver.o
 .text.SPI_DeInit
                0x0000000000000000       0x88 drivers/src/stm32f407_spi_driver.o
 .text.SPI_ReceiveData
                0x0000000000000000       0x6c drivers/src/stm32f407_spi_driver.o
 .text.SPI_SendDataIT
                0x0000000000000000       0x48 drivers/src/stm32f407_spi_driver.o
 .text.SPI_ReceiveDataIT
                0x0000000000000000       0x48 drivers/src/stm32f407_spi_driver.o
 .text.SPI_IRQConfig
                0x0000000000000000      0x10c drivers/src/stm32f407_spi_driver.o
 .text.SPI_IRQPriorityConfig
                0x0000000000000000       0x48 drivers/src/stm32f407_spi_driver.o
 .text.SPI_TXE_ISRHAndler
                0x0000000000000000       0x9c drivers/src/stm32f407_spi_driver.o
 .text.SPI_RXE_ISRHAndler
                0x0000000000000000       0xaa drivers/src/stm32f407_spi_driver.o
 .text.SPI_IRQHandling
                0x0000000000000000       0x6c drivers/src/stm32f407_spi_driver.o
 .text.SPI_ApplicationEventCallback
                0x0000000000000000       0x18 drivers/src/stm32f407_spi_driver.o
 .debug_macro   0x0000000000000000      0xa66 drivers/src/stm32f407_spi_driver.o
 .debug_macro   0x0000000000000000       0x22 drivers/src/stm32f407_spi_driver.o
 .debug_macro   0x0000000000000000       0x8e drivers/src/stm32f407_spi_driver.o
 .debug_macro   0x0000000000000000       0x51 drivers/src/stm32f407_spi_driver.o
 .debug_macro   0x0000000000000000       0xef drivers/src/stm32f407_spi_driver.o
 .debug_macro   0x0000000000000000       0x6a drivers/src/stm32f407_spi_driver.o
 .debug_macro   0x0000000000000000      0x1df drivers/src/stm32f407_spi_driver.o
 .debug_macro   0x0000000000000000      0x174 drivers/src/stm32f407_spi_driver.o
 .debug_macro   0x0000000000000000      0x50d drivers/src/stm32f407_spi_driver.o
 .debug_macro   0x0000000000000000       0xc4 drivers/src/stm32f407_spi_driver.o
 .debug_macro   0x0000000000000000       0xd6 drivers/src/stm32f407_spi_driver.o
 .debug_macro   0x0000000000000000       0xd6 drivers/src/stm32f407_spi_driver.o
 .text          0x0000000000000000        0x0 /Applications/STM32CubeIDE.app/Contents/Eclipse/plugins/com.st.stm32cube.ide.mcu.externaltools.gnu-tools-for-stm32.7-2018-q2-update.macos64_1.0.0.201904181610/tools/bin/../lib/gcc/arm-none-eabi/7.3.1/../../../../arm-none-eabi/lib/thumb/v7e-m/fpv4-sp/hard/libc_nano.a(lib_a-errno.o)
 .data          0x0000000000000000        0x0 /Applications/STM32CubeIDE.app/Contents/Eclipse/plugins/com.st.stm32cube.ide.mcu.externaltools.gnu-tools-for-stm32.7-2018-q2-update.macos64_1.0.0.201904181610/tools/bin/../lib/gcc/arm-none-eabi/7.3.1/../../../../arm-none-eabi/lib/thumb/v7e-m/fpv4-sp/hard/libc_nano.a(lib_a-errno.o)
 .bss           0x0000000000000000        0x0 /Applications/STM32CubeIDE.app/Contents/Eclipse/plugins/com.st.stm32cube.ide.mcu.externaltools.gnu-tools-for-stm32.7-2018-q2-update.macos64_1.0.0.201904181610/tools/bin/../lib/gcc/arm-none-eabi/7.3.1/../../../../arm-none-eabi/lib/thumb/v7e-m/fpv4-sp/hard/libc_nano.a(lib_a-errno.o)
 .text.__errno  0x0000000000000000        0xc /Applications/STM32CubeIDE.app/Contents/Eclipse/plugins/com.st.stm32cube.ide.mcu.externaltools.gnu-tools-for-stm32.7-2018-q2-update.macos64_1.0.0.201904181610/tools/bin/../lib/gcc/arm-none-eabi/7.3.1/../../../../arm-none-eabi/lib/thumb/v7e-m/fpv4-sp/hard/libc_nano.a(lib_a-errno.o)
 .debug_frame   0x0000000000000000       0x20 /Applications/STM32CubeIDE.app/Contents/Eclipse/plugins/com.st.stm32cube.ide.mcu.externaltools.gnu-tools-for-stm32.7-2018-q2-update.macos64_1.0.0.201904181610/tools/bin/../lib/gcc/arm-none-eabi/7.3.1/../../../../arm-none-eabi/lib/thumb/v7e-m/fpv4-sp/hard/libc_nano.a(lib_a-errno.o)
 .ARM.attributes
                0x0000000000000000       0x34 /Applications/STM32CubeIDE.app/Contents/Eclipse/plugins/com.st.stm32cube.ide.mcu.externaltools.gnu-tools-for-stm32.7-2018-q2-update.macos64_1.0.0.201904181610/tools/bin/../lib/gcc/arm-none-eabi/7.3.1/../../../../arm-none-eabi/lib/thumb/v7e-m/fpv4-sp/hard/libc_nano.a(lib_a-errno.o)
 .text          0x0000000000000000        0x0 /Applications/STM32CubeIDE.app/Contents/Eclipse/plugins/com.st.stm32cube.ide.mcu.externaltools.gnu-tools-for-stm32.7-2018-q2-update.macos64_1.0.0.201904181610/tools/bin/../lib/gcc/arm-none-eabi/7.3.1/../../../../arm-none-eabi/lib/thumb/v7e-m/fpv4-sp/hard/libc_nano.a(lib_a-exit.o)
 .data          0x0000000000000000        0x0 /Applications/STM32CubeIDE.app/Contents/Eclipse/plugins/com.st.stm32cube.ide.mcu.externaltools.gnu-tools-for-stm32.7-2018-q2-update.macos64_1.0.0.201904181610/tools/bin/../lib/gcc/arm-none-eabi/7.3.1/../../../../arm-none-eabi/lib/thumb/v7e-m/fpv4-sp/hard/libc_nano.a(lib_a-exit.o)
 .bss           0x0000000000000000        0x0 /Applications/STM32CubeIDE.app/Contents/Eclipse/plugins/com.st.stm32cube.ide.mcu.externaltools.gnu-tools-for-stm32.7-2018-q2-update.macos64_1.0.0.201904181610/tools/bin/../lib/gcc/arm-none-eabi/7.3.1/../../../../arm-none-eabi/lib/thumb/v7e-m/fpv4-sp/hard/libc_nano.a(lib_a-exit.o)
 .text.exit     0x0000000000000000       0x28 /Applications/STM32CubeIDE.app/Contents/Eclipse/plugins/com.st.stm32cube.ide.mcu.externaltools.gnu-tools-for-stm32.7-2018-q2-update.macos64_1.0.0.201904181610/tools/bin/../lib/gcc/arm-none-eabi/7.3.1/../../../../arm-none-eabi/lib/thumb/v7e-m/fpv4-sp/hard/libc_nano.a(lib_a-exit.o)
 .debug_frame   0x0000000000000000       0x28 /Applications/STM32CubeIDE.app/Contents/Eclipse/plugins/com.st.stm32cube.ide.mcu.externaltools.gnu-tools-for-stm32.7-2018-q2-update.macos64_1.0.0.201904181610/tools/bin/../lib/gcc/arm-none-eabi/7.3.1/../../../../arm-none-eabi/lib/thumb/v7e-m/fpv4-sp/hard/libc_nano.a(lib_a-exit.o)
 .ARM.attributes
                0x0000000000000000       0x34 /Applications/STM32CubeIDE.app/Contents/Eclipse/plugins/com.st.stm32cube.ide.mcu.externaltools.gnu-tools-for-stm32.7-2018-q2-update.macos64_1.0.0.201904181610/tools/bin/../lib/gcc/arm-none-eabi/7.3.1/../../../../arm-none-eabi/lib/thumb/v7e-m/fpv4-sp/hard/libc_nano.a(lib_a-exit.o)
 .text          0x0000000000000000        0x0 /Applications/STM32CubeIDE.app/Contents/Eclipse/plugins/com.st.stm32cube.ide.mcu.externaltools.gnu-tools-for-stm32.7-2018-q2-update.macos64_1.0.0.201904181610/tools/bin/../lib/gcc/arm-none-eabi/7.3.1/../../../../arm-none-eabi/lib/thumb/v7e-m/fpv4-sp/hard/libc_nano.a(lib_a-impure.o)
 .data          0x0000000000000000        0x0 /Applications/STM32CubeIDE.app/Contents/Eclipse/plugins/com.st.stm32cube.ide.mcu.externaltools.gnu-tools-for-stm32.7-2018-q2-update.macos64_1.0.0.201904181610/tools/bin/../lib/gcc/arm-none-eabi/7.3.1/../../../../arm-none-eabi/lib/thumb/v7e-m/fpv4-sp/hard/libc_nano.a(lib_a-impure.o)
 .bss           0x0000000000000000        0x0 /Applications/STM32CubeIDE.app/Contents/Eclipse/plugins/com.st.stm32cube.ide.mcu.externaltools.gnu-tools-for-stm32.7-2018-q2-update.macos64_1.0.0.201904181610/tools/bin/../lib/gcc/arm-none-eabi/7.3.1/../../../../arm-none-eabi/lib/thumb/v7e-m/fpv4-sp/hard/libc_nano.a(lib_a-impure.o)
 .data._impure_ptr
                0x0000000000000000        0x4 /Applications/STM32CubeIDE.app/Contents/Eclipse/plugins/com.st.stm32cube.ide.mcu.externaltools.gnu-tools-for-stm32.7-2018-q2-update.macos64_1.0.0.201904181610/tools/bin/../lib/gcc/arm-none-eabi/7.3.1/../../../../arm-none-eabi/lib/thumb/v7e-m/fpv4-sp/hard/libc_nano.a(lib_a-impure.o)
 .data.impure_data
                0x0000000000000000       0x60 /Applications/STM32CubeIDE.app/Contents/Eclipse/plugins/com.st.stm32cube.ide.mcu.externaltools.gnu-tools-for-stm32.7-2018-q2-update.macos64_1.0.0.201904181610/tools/bin/../lib/gcc/arm-none-eabi/7.3.1/../../../../arm-none-eabi/lib/thumb/v7e-m/fpv4-sp/hard/libc_nano.a(lib_a-impure.o)
 .rodata._global_impure_ptr
                0x0000000000000000        0x4 /Applications/STM32CubeIDE.app/Contents/Eclipse/plugins/com.st.stm32cube.ide.mcu.externaltools.gnu-tools-for-stm32.7-2018-q2-update.macos64_1.0.0.201904181610/tools/bin/../lib/gcc/arm-none-eabi/7.3.1/../../../../arm-none-eabi/lib/thumb/v7e-m/fpv4-sp/hard/libc_nano.a(lib_a-impure.o)
 .ARM.attributes
                0x0000000000000000       0x34 /Applications/STM32CubeIDE.app/Contents/Eclipse/plugins/com.st.stm32cube.ide.mcu.externaltools.gnu-tools-for-stm32.7-2018-q2-update.macos64_1.0.0.201904181610/tools/bin/../lib/gcc/arm-none-eabi/7.3.1/../../../../arm-none-eabi/lib/thumb/v7e-m/fpv4-sp/hard/libc_nano.a(lib_a-impure.o)
 .text          0x0000000000000000        0x0 /Applications/STM32CubeIDE.app/Contents/Eclipse/plugins/com.st.stm32cube.ide.mcu.externaltools.gnu-tools-for-stm32.7-2018-q2-update.macos64_1.0.0.201904181610/tools/bin/../lib/gcc/arm-none-eabi/7.3.1/../../../../arm-none-eabi/lib/thumb/v7e-m/fpv4-sp/hard/libc_nano.a(lib_a-init.o)
 .data          0x0000000000000000        0x0 /Applications/STM32CubeIDE.app/Contents/Eclipse/plugins/com.st.stm32cube.ide.mcu.externaltools.gnu-tools-for-stm32.7-2018-q2-update.macos64_1.0.0.201904181610/tools/bin/../lib/gcc/arm-none-eabi/7.3.1/../../../../arm-none-eabi/lib/thumb/v7e-m/fpv4-sp/hard/libc_nano.a(lib_a-init.o)
 .bss           0x0000000000000000        0x0 /Applications/STM32CubeIDE.app/Contents/Eclipse/plugins/com.st.stm32cube.ide.mcu.externaltools.gnu-tools-for-stm32.7-2018-q2-update.macos64_1.0.0.201904181610/tools/bin/../lib/gcc/arm-none-eabi/7.3.1/../../../../arm-none-eabi/lib/thumb/v7e-m/fpv4-sp/hard/libc_nano.a(lib_a-init.o)
 .text          0x0000000000000000        0x0 /Applications/STM32CubeIDE.app/Contents/Eclipse/plugins/com.st.stm32cube.ide.mcu.externaltools.gnu-tools-for-stm32.7-2018-q2-update.macos64_1.0.0.201904181610/tools/bin/../lib/gcc/arm-none-eabi/7.3.1/../../../../arm-none-eabi/lib/thumb/v7e-m/fpv4-sp/hard/libc_nano.a(lib_a-memset.o)
 .data          0x0000000000000000        0x0 /Applications/STM32CubeIDE.app/Contents/Eclipse/plugins/com.st.stm32cube.ide.mcu.externaltools.gnu-tools-for-stm32.7-2018-q2-update.macos64_1.0.0.201904181610/tools/bin/../lib/gcc/arm-none-eabi/7.3.1/../../../../arm-none-eabi/lib/thumb/v7e-m/fpv4-sp/hard/libc_nano.a(lib_a-memset.o)
 .bss           0x0000000000000000        0x0 /Applications/STM32CubeIDE.app/Contents/Eclipse/plugins/com.st.stm32cube.ide.mcu.externaltools.gnu-tools-for-stm32.7-2018-q2-update.macos64_1.0.0.201904181610/tools/bin/../lib/gcc/arm-none-eabi/7.3.1/../../../../arm-none-eabi/lib/thumb/v7e-m/fpv4-sp/hard/libc_nano.a(lib_a-memset.o)
 .text.memset   0x0000000000000000       0x10 /Applications/STM32CubeIDE.app/Contents/Eclipse/plugins/com.st.stm32cube.ide.mcu.externaltools.gnu-tools-for-stm32.7-2018-q2-update.macos64_1.0.0.201904181610/tools/bin/../lib/gcc/arm-none-eabi/7.3.1/../../../../arm-none-eabi/lib/thumb/v7e-m/fpv4-sp/hard/libc_nano.a(lib_a-memset.o)
 .debug_frame   0x0000000000000000       0x20 /Applications/STM32CubeIDE.app/Contents/Eclipse/plugins/com.st.stm32cube.ide.mcu.externaltools.gnu-tools-for-stm32.7-2018-q2-update.macos64_1.0.0.201904181610/tools/bin/../lib/gcc/arm-none-eabi/7.3.1/../../../../arm-none-eabi/lib/thumb/v7e-m/fpv4-sp/hard/libc_nano.a(lib_a-memset.o)
 .ARM.attributes
                0x0000000000000000       0x34 /Applications/STM32CubeIDE.app/Contents/Eclipse/plugins/com.st.stm32cube.ide.mcu.externaltools.gnu-tools-for-stm32.7-2018-q2-update.macos64_1.0.0.201904181610/tools/bin/../lib/gcc/arm-none-eabi/7.3.1/../../../../arm-none-eabi/lib/thumb/v7e-m/fpv4-sp/hard/libc_nano.a(lib_a-memset.o)
 .data          0x0000000000000000        0x0 /Applications/STM32CubeIDE.app/Contents/Eclipse/plugins/com.st.stm32cube.ide.mcu.externaltools.gnu-tools-for-stm32.7-2018-q2-update.macos64_1.0.0.201904181610/tools/bin/../lib/gcc/arm-none-eabi/7.3.1/../../../../arm-none-eabi/lib/thumb/v7e-m/fpv4-sp/hard/libc_nano.a(lib_a-strlen.o)
 .bss           0x0000000000000000        0x0 /Applications/STM32CubeIDE.app/Contents/Eclipse/plugins/com.st.stm32cube.ide.mcu.externaltools.gnu-tools-for-stm32.7-2018-q2-update.macos64_1.0.0.201904181610/tools/bin/../lib/gcc/arm-none-eabi/7.3.1/../../../../arm-none-eabi/lib/thumb/v7e-m/fpv4-sp/hard/libc_nano.a(lib_a-strlen.o)
 .text          0x0000000000000000        0x0 /Applications/STM32CubeIDE.app/Contents/Eclipse/plugins/com.st.stm32cube.ide.mcu.externaltools.gnu-tools-for-stm32.7-2018-q2-update.macos64_1.0.0.201904181610/tools/bin/../lib/gcc/arm-none-eabi/7.3.1/thumb/v7e-m/fpv4-sp/hard/crtend.o
 .data          0x0000000000000000        0x0 /Applications/STM32CubeIDE.app/Contents/Eclipse/plugins/com.st.stm32cube.ide.mcu.externaltools.gnu-tools-for-stm32.7-2018-q2-update.macos64_1.0.0.201904181610/tools/bin/../lib/gcc/arm-none-eabi/7.3.1/thumb/v7e-m/fpv4-sp/hard/crtend.o
 .bss           0x0000000000000000        0x0 /Applications/STM32CubeIDE.app/Contents/Eclipse/plugins/com.st.stm32cube.ide.mcu.externaltools.gnu-tools-for-stm32.7-2018-q2-update.macos64_1.0.0.201904181610/tools/bin/../lib/gcc/arm-none-eabi/7.3.1/thumb/v7e-m/fpv4-sp/hard/crtend.o
 .eh_frame      0x0000000000000000        0x4 /Applications/STM32CubeIDE.app/Contents/Eclipse/plugins/com.st.stm32cube.ide.mcu.externaltools.gnu-tools-for-stm32.7-2018-q2-update.macos64_1.0.0.201904181610/tools/bin/../lib/gcc/arm-none-eabi/7.3.1/thumb/v7e-m/fpv4-sp/hard/crtend.o
 .ARM.attributes
                0x0000000000000000       0x34 /Applications/STM32CubeIDE.app/Contents/Eclipse/plugins/com.st.stm32cube.ide.mcu.externaltools.gnu-tools-for-stm32.7-2018-q2-update.macos64_1.0.0.201904181610/tools/bin/../lib/gcc/arm-none-eabi/7.3.1/thumb/v7e-m/fpv4-sp/hard/crtend.o
 .text          0x0000000000000000        0x0 /Applications/STM32CubeIDE.app/Contents/Eclipse/plugins/com.st.stm32cube.ide.mcu.externaltools.gnu-tools-for-stm32.7-2018-q2-update.macos64_1.0.0.201904181610/tools/bin/../lib/gcc/arm-none-eabi/7.3.1/thumb/v7e-m/fpv4-sp/hard/crtn.o
 .data          0x0000000000000000        0x0 /Applications/STM32CubeIDE.app/Contents/Eclipse/plugins/com.st.stm32cube.ide.mcu.externaltools.gnu-tools-for-stm32.7-2018-q2-update.macos64_1.0.0.201904181610/tools/bin/../lib/gcc/arm-none-eabi/7.3.1/thumb/v7e-m/fpv4-sp/hard/crtn.o
 .bss           0x0000000000000000        0x0 /Applications/STM32CubeIDE.app/Contents/Eclipse/plugins/com.st.stm32cube.ide.mcu.externaltools.gnu-tools-for-stm32.7-2018-q2-update.macos64_1.0.0.201904181610/tools/bin/../lib/gcc/arm-none-eabi/7.3.1/thumb/v7e-m/fpv4-sp/hard/crtn.o

Memory Configuration

Name             Origin             Length             Attributes
RAM              0x0000000020000000 0x0000000000020000 xrw
ROM              0x0000000008000000 0x0000000000100000 xr
*default*        0x0000000000000000 0xffffffffffffffff

Linker script and memory map

LOAD /Applications/STM32CubeIDE.app/Contents/Eclipse/plugins/com.st.stm32cube.ide.mcu.externaltools.gnu-tools-for-stm32.7-2018-q2-update.macos64_1.0.0.201904181610/tools/bin/../lib/gcc/arm-none-eabi/7.3.1/thumb/v7e-m/fpv4-sp/hard/crti.o
LOAD /Applications/STM32CubeIDE.app/Contents/Eclipse/plugins/com.st.stm32cube.ide.mcu.externaltools.gnu-tools-for-stm32.7-2018-q2-update.macos64_1.0.0.201904181610/tools/bin/../lib/gcc/arm-none-eabi/7.3.1/thumb/v7e-m/fpv4-sp/hard/crtbegin.o
LOAD /Applications/STM32CubeIDE.app/Contents/Eclipse/plugins/com.st.stm32cube.ide.mcu.externaltools.gnu-tools-for-stm32.7-2018-q2-update.macos64_1.0.0.201904181610/tools/bin/../lib/gcc/arm-none-eabi/7.3.1/../../../../arm-none-eabi/lib/thumb/v7e-m/fpv4-sp/hard/crt0.o
LOAD Src/001ledtoggle.o
LOAD Src/SPI_testing.o
LOAD Src/syscalls.o
LOAD Src/sysmem.o
LOAD Startup/startup_stm32f407vgtx.o
LOAD drivers/src/st32f407xx_gpio_driver.o
LOAD drivers/src/stm32f407_i2c_driver.o
LOAD drivers/src/stm32f407_spi_driver.o
START GROUP
LOAD /Applications/STM32CubeIDE.app/Contents/Eclipse/plugins/com.st.stm32cube.ide.mcu.externaltools.gnu-tools-for-stm32.7-2018-q2-update.macos64_1.0.0.201904181610/tools/bin/../lib/gcc/arm-none-eabi/7.3.1/../../../../arm-none-eabi/lib/thumb/v7e-m/fpv4-sp/hard/libc_nano.a
LOAD /Applications/STM32CubeIDE.app/Contents/Eclipse/plugins/com.st.stm32cube.ide.mcu.externaltools.gnu-tools-for-stm32.7-2018-q2-update.macos64_1.0.0.201904181610/tools/bin/../lib/gcc/arm-none-eabi/7.3.1/../../../../arm-none-eabi/lib/thumb/v7e-m/fpv4-sp/hard/libm.a
END GROUP
START GROUP
LOAD /Applications/STM32CubeIDE.app/Contents/Eclipse/plugins/com.st.stm32cube.ide.mcu.externaltools.gnu-tools-for-stm32.7-2018-q2-update.macos64_1.0.0.201904181610/tools/bin/../lib/gcc/arm-none-eabi/7.3.1/thumb/v7e-m/fpv4-sp/hard/libgcc.a
LOAD /Applications/STM32CubeIDE.app/Contents/Eclipse/plugins/com.st.stm32cube.ide.mcu.externaltools.gnu-tools-for-stm32.7-2018-q2-update.macos64_1.0.0.201904181610/tools/bin/../lib/gcc/arm-none-eabi/7.3.1/../../../../arm-none-eabi/lib/thumb/v7e-m/fpv4-sp/hard/libc_nano.a
END GROUP
START GROUP
LOAD /Applications/STM32CubeIDE.app/Contents/Eclipse/plugins/com.st.stm32cube.ide.mcu.externaltools.gnu-tools-for-stm32.7-2018-q2-update.macos64_1.0.0.201904181610/tools/bin/../lib/gcc/arm-none-eabi/7.3.1/thumb/v7e-m/fpv4-sp/hard/libgcc.a
LOAD /Applications/STM32CubeIDE.app/Contents/Eclipse/plugins/com.st.stm32cube.ide.mcu.externaltools.gnu-tools-for-stm32.7-2018-q2-update.macos64_1.0.0.201904181610/tools/bin/../lib/gcc/arm-none-eabi/7.3.1/../../../../arm-none-eabi/lib/thumb/v7e-m/fpv4-sp/hard/libc_nano.a
LOAD /Applications/STM32CubeIDE.app/Contents/Eclipse/plugins/com.st.stm32cube.ide.mcu.externaltools.gnu-tools-for-stm32.7-2018-q2-update.macos64_1.0.0.201904181610/tools/bin/../lib/gcc/arm-none-eabi/7.3.1/../../../../arm-none-eabi/lib/thumb/v7e-m/fpv4-sp/hard/libnosys.a
END GROUP
START GROUP
LOAD /Applications/STM32CubeIDE.app/Contents/Eclipse/plugins/com.st.stm32cube.ide.mcu.externaltools.gnu-tools-for-stm32.7-2018-q2-update.macos64_1.0.0.201904181610/tools/bin/../lib/gcc/arm-none-eabi/7.3.1/thumb/v7e-m/fpv4-sp/hard/libgcc.a
LOAD /Applications/STM32CubeIDE.app/Contents/Eclipse/plugins/com.st.stm32cube.ide.mcu.externaltools.gnu-tools-for-stm32.7-2018-q2-update.macos64_1.0.0.201904181610/tools/bin/../lib/gcc/arm-none-eabi/7.3.1/../../../../arm-none-eabi/lib/thumb/v7e-m/fpv4-sp/hard/libc_nano.a
LOAD /Applications/STM32CubeIDE.app/Contents/Eclipse/plugins/com.st.stm32cube.ide.mcu.externaltools.gnu-tools-for-stm32.7-2018-q2-update.macos64_1.0.0.201904181610/tools/bin/../lib/gcc/arm-none-eabi/7.3.1/../../../../arm-none-eabi/lib/thumb/v7e-m/fpv4-sp/hard/libnosys.a
END GROUP
LOAD /Applications/STM32CubeIDE.app/Contents/Eclipse/plugins/com.st.stm32cube.ide.mcu.externaltools.gnu-tools-for-stm32.7-2018-q2-update.macos64_1.0.0.201904181610/tools/bin/../lib/gcc/arm-none-eabi/7.3.1/thumb/v7e-m/fpv4-sp/hard/crtend.o
LOAD /Applications/STM32CubeIDE.app/Contents/Eclipse/plugins/com.st.stm32cube.ide.mcu.externaltools.gnu-tools-for-stm32.7-2018-q2-update.macos64_1.0.0.201904181610/tools/bin/../lib/gcc/arm-none-eabi/7.3.1/thumb/v7e-m/fpv4-sp/hard/crtn.o
                0x0000000020020000                _estack = (ORIGIN (RAM) + LENGTH (RAM))
                0x0000000000000200                _Min_Heap_Size = 0x200
                0x0000000000000400                _Min_Stack_Size = 0x400

.isr_vector     0x0000000008000000      0x1a8
                0x0000000008000000                . = ALIGN (0x4)
 *(.isr_vector)
 .isr_vector    0x0000000008000000      0x1a8 Startup/startup_stm32f407vgtx.o
                0x0000000008000000                g_pfnVectors
                0x00000000080001a8                . = ALIGN (0x4)

.text           0x00000000080001a8      0x9b4
                0x00000000080001a8                . = ALIGN (0x4)
 *(.text)
 .text          0x00000000080001a8       0x40 /Applications/STM32CubeIDE.app/Contents/Eclipse/plugins/com.st.stm32cube.ide.mcu.externaltools.gnu-tools-for-stm32.7-2018-q2-update.macos64_1.0.0.201904181610/tools/bin/../lib/gcc/arm-none-eabi/7.3.1/thumb/v7e-m/fpv4-sp/hard/crtbegin.o
 .text          0x00000000080001e8       0x10 /Applications/STM32CubeIDE.app/Contents/Eclipse/plugins/com.st.stm32cube.ide.mcu.externaltools.gnu-tools-for-stm32.7-2018-q2-update.macos64_1.0.0.201904181610/tools/bin/../lib/gcc/arm-none-eabi/7.3.1/../../../../arm-none-eabi/lib/thumb/v7e-m/fpv4-sp/hard/libc_nano.a(lib_a-strlen.o)
                0x00000000080001e8                strlen
 *(.text*)
 .text.EXTI0_IRQHandler
                0x00000000080001f8        0xe Src/001ledtoggle.o
                0x00000000080001f8                EXTI0_IRQHandler
 *fill*         0x0000000008000206        0x2 
 .text.SPI2_GPIOInit
                0x0000000008000208       0x5c Src/SPI_testing.o
                0x0000000008000208                SPI2_GPIOInit
 .text.SPI2_Init
                0x0000000008000264       0x3c Src/SPI_testing.o
                0x0000000008000264                SPI2_Init
 .text.main     0x00000000080002a0       0x50 Src/SPI_testing.o
                0x00000000080002a0                main
 .text.Reset_Handler
                0x00000000080002f0       0x50 Startup/startup_stm32f407vgtx.o
                0x00000000080002f0                Reset_Handler
 .text.Default_Handler
                0x0000000008000340        0x2 Startup/startup_stm32f407vgtx.o
                0x0000000008000340                DMA1_Stream3_IRQHandler
                0x0000000008000340                HASH_RNG_IRQHandler
                0x0000000008000340                EXTI2_IRQHandler
                0x0000000008000340                TIM8_CC_IRQHandler
                0x0000000008000340                DebugMon_Handler
                0x0000000008000340                TIM1_CC_IRQHandler
                0x0000000008000340                DMA2_Stream5_IRQHandler
                0x0000000008000340                HardFault_Handler
                0x0000000008000340                DMA1_Stream5_IRQHandler
                0x0000000008000340                SysTick_Handler
                0x0000000008000340                PVD_IRQHandler
                0x0000000008000340                SDIO_IRQHandler
                0x0000000008000340                TAMP_STAMP_IRQHandler
                0x0000000008000340                PendSV_Handler
                0x0000000008000340                NMI_Handler
                0x0000000008000340                CAN2_RX1_IRQHandler
                0x0000000008000340                EXTI3_IRQHandler
                0x0000000008000340                TIM8_TRG_COM_TIM14_IRQHandler
                0x0000000008000340                TIM1_UP_TIM10_IRQHandler
                0x0000000008000340                TIM8_UP_TIM13_IRQHandler
                0x0000000008000340                I2C3_ER_IRQHandler
                0x0000000008000340                LCD_TFT_IRQHandler
                0x0000000008000340                I2C2_EV_IRQHandler
                0x0000000008000340                DMA1_Stream2_IRQHandler
                0x0000000008000340                CAN1_RX0_IRQHandler
                0x0000000008000340                FPU_IRQHandler
                0x0000000008000340                OTG_HS_WKUP_IRQHandler
                0x0000000008000340                UsageFault_Handler
                0x0000000008000340                CAN2_SCE_IRQHandler
                0x0000000008000340                DMA2_Stream2_IRQHandler
                0x0000000008000340                SPI1_IRQHandler
                0x0000000008000340                TIM6_DAC_IRQHandler
                0x0000000008000340                TIM1_BRK_TIM9_IRQHandler
                0x0000000008000340                DCMI_IRQHandler
                0x0000000008000340                CAN2_RX0_IRQHandler
                0x0000000008000340                DMA2_Stream3_IRQHandler
                0x0000000008000340                USART6_IRQHandler
                0x0000000008000340                USART3_IRQHandler
                0x0000000008000340                CRYP_IRQHandler
                0x0000000008000340                CAN1_RX1_IRQHandler
                0x0000000008000340                UART5_IRQHandler
                0x0000000008000340                DMA2_Stream0_IRQHandler
                0x0000000008000340                TIM4_IRQHandler
                0x0000000008000340                I2C1_EV_IRQHandler
                0x0000000008000340                DMA1_Stream6_IRQHandler
                0x0000000008000340                DMA1_Stream1_IRQHandler
                0x0000000008000340                UART4_IRQHandler
                0x0000000008000340                LCD_TFT_1_IRQHandler
                0x0000000008000340                TIM3_IRQHandler
                0x0000000008000340                RCC_IRQHandler
                0x0000000008000340                TIM8_BRK_TIM12_IRQHandler
                0x0000000008000340                Default_Handler
                0x0000000008000340                EXTI15_10_IRQHandler
                0x0000000008000340                ADC_IRQHandler
                0x0000000008000340                DMA1_Stream7_IRQHandler
                0x0000000008000340                TIM7_IRQHandler
                0x0000000008000340                CAN2_TX_IRQHandler
                0x0000000008000340                TIM5_IRQHandler
                0x0000000008000340                DMA2_Stream7_IRQHandler
                0x0000000008000340                I2C3_EV_IRQHandler
                0x0000000008000340                EXTI9_5_IRQHandler
                0x0000000008000340                RTC_WKUP_IRQHandler
                0x0000000008000340                ETH_WKUP_IRQHandler
                0x0000000008000340                SPI2_IRQHandler
                0x0000000008000340                OTG_HS_EP1_IN_IRQHandler
                0x0000000008000340                MemManage_Handler
                0x0000000008000340                DMA1_Stream0_IRQHandler
                0x0000000008000340                CAN1_TX_IRQHandler
                0x0000000008000340                SVC_Handler
                0x0000000008000340                EXTI4_IRQHandler
                0x0000000008000340                FSMC_IRQHandler
                0x0000000008000340                ETH_IRQHandler
                0x0000000008000340                OTG_HS_EP1_OUT_IRQHandler
                0x0000000008000340                WWDG_IRQHandler
                0x0000000008000340                TIM2_IRQHandler
                0x0000000008000340                OTG_FS_WKUP_IRQHandler
                0x0000000008000340                TIM1_TRG_COM_TIM11_IRQHandler
                0x0000000008000340                OTG_HS_IRQHandler
                0x0000000008000340                EXTI1_IRQHandler
                0x0000000008000340                USART2_IRQHandler
                0x0000000008000340                I2C2_ER_IRQHandler
                0x0000000008000340                DMA2_Stream1_IRQHandler
                0x0000000008000340                CAN1_SCE_IRQHandler
                0x0000000008000340                DMA2_Stream4_IRQHandler
                0x0000000008000340                BusFault_Handler
                0x0000000008000340                USART1_IRQHandler
                0x0000000008000340                OTG_FS_IRQHandler
                0x0000000008000340                SPI3_IRQHandler
                0x0000000008000340                DMA1_Stream4_IRQHandler
                0x0000000008000340                I2C1_ER_IRQHandler
                0x0000000008000340                DMA2_Stream6_IRQHandler
                0x0000000008000340                RTC_Alarm_IRQHandler
 *fill*         0x0000000008000342        0x2 
 .text.GPIO_Init
                0x0000000008000344      0x34c drivers/src/st32f407xx_gpio_driver.o
                0x0000000008000344                GPIO_Init
 .text.GPIO_PeriClockControl
                0x0000000008000690      0x1d0 drivers/src/st32f407xx_gpio_driver.o
                0x0000000008000690                GPIO_PeriClockControl
 .text.GPIO_IRQHandling
                0x0000000008000860       0x40 drivers/src/st32f407xx_gpio_driver.o
                0x0000000008000860                GPIO_IRQHandling
 .text.SPI_Init
                0x00000000080008a0       0xa8 drivers/src/stm32f407_spi_driver.o
                0x00000000080008a0                SPI_Init
 .text.SPI_PeriClockControl
                0x0000000008000948       0xb0 drivers/src/stm32f407_spi_driver.o
                0x0000000008000948                SPI_PeriClockControl
 .text.SPI_GetFlagStatus
                0x00000000080009f8       0x28 drivers/src/stm32f407_spi_driver.o
                0x00000000080009f8                SPI_GetFlagStatus
 .text.SPI_SendData
                0x0000000008000a20       0x6c drivers/src/stm32f407_spi_driver.o
                0x0000000008000a20                SPI_SendData
 .text.SPI_PeripheralControl
                0x0000000008000a8c       0x38 drivers/src/stm32f407_spi_driver.o
                0x0000000008000a8c                SPI_PeripheralControl
 .text.SPI_SSIconfig
                0x0000000008000ac4       0x38 drivers/src/stm32f407_spi_driver.o
                0x0000000008000ac4                SPI_SSIconfig
 .text.__libc_init_array
                0x0000000008000afc       0x48 /Applications/STM32CubeIDE.app/Contents/Eclipse/plugins/com.st.stm32cube.ide.mcu.externaltools.gnu-tools-for-stm32.7-2018-q2-update.macos64_1.0.0.201904181610/tools/bin/../lib/gcc/arm-none-eabi/7.3.1/../../../../arm-none-eabi/lib/thumb/v7e-m/fpv4-sp/hard/libc_nano.a(lib_a-init.o)
                0x0000000008000afc                __libc_init_array
 *(.glue_7)
 .glue_7        0x0000000008000b44        0x0 linker stubs
 *(.glue_7t)
 .glue_7t       0x0000000008000b44        0x0 linker stubs
 *(.eh_frame)
 .eh_frame      0x0000000008000b44        0x0 /Applications/STM32CubeIDE.app/Contents/Eclipse/plugins/com.st.stm32cube.ide.mcu.externaltools.gnu-tools-for-stm32.7-2018-q2-update.macos64_1.0.0.201904181610/tools/bin/../lib/gcc/arm-none-eabi/7.3.1/thumb/v7e-m/fpv4-sp/hard/crtbegin.o
 *(.init)
 .init          0x0000000008000b44        0x4 /Applications/STM32CubeIDE.app/Contents/Eclipse/plugins/com.st.stm32cube.ide.mcu.externaltools.gnu-tools-for-stm32.7-2018-q2-update.macos64_1.0.0.201904181610/tools/bin/../lib/gcc/arm-none-eabi/7.3.1/thumb/v7e-m/fpv4-sp/hard/crti.o
                0x0000000008000b44                _init
 .init          0x0000000008000b48        0x8 /Applications/STM32CubeIDE.app/Contents/Eclipse/plugins/com.st.stm32cube.ide.mcu.externaltools.gnu-tools-for-stm32.7-2018-q2-update.macos64_1.0.0.201904181610/tools/bin/../lib/gcc/arm-none-eabi/7.3.1/thumb/v7e-m/fpv4-sp/hard/crtn.o
 *(.fini)
 .fini          0x0000000008000b50        0x4 /Applications/STM32CubeIDE.app/Contents/Eclipse/plugins/com.st.stm32cube.ide.mcu.externaltools.gnu-tools-for-stm32.7-2018-q2-update.macos64_1.0.0.201904181610/tools/bin/../lib/gcc/arm-none-eabi/7.3.1/thumb/v7e-m/fpv4-sp/hard/crti.o
                0x0000000008000b50                _fini
 .fini          0x0000000008000b54        0x8 /Applications/STM32CubeIDE.app/Contents/Eclipse/plugins/com.st.stm32cube.ide.mcu.externaltools.gnu-tools-for-stm32.7-2018-q2-update.macos64_1.0.0.201904181610/tools/bin/../lib/gcc/arm-none-eabi/7.3.1/thumb/v7e-m/fpv4-sp/hard/crtn.o
                0x0000000008000b5c                . = ALIGN (0x4)
                0x0000000008000b5c                _etext = .

.vfp11_veneer   0x0000000008000b5c        0x0
 .vfp11_veneer  0x0000000008000b5c        0x0 linker stubs

.v4_bx          0x0000000008000b5c        0x0
 .v4_bx         0x0000000008000b5c        0x0 linker stubs

.iplt           0x0000000008000b5c        0x0
 .iplt          0x0000000008000b5c        0x0 /Applications/STM32CubeIDE.app/Contents/Eclipse/plugins/com.st.stm32cube.ide.mcu.externaltools.gnu-tools-for-stm32.7-2018-q2-update.macos64_1.0.0.201904181610/tools/bin/../lib/gcc/arm-none-eabi/7.3.1/thumb/v7e-m/fpv4-sp/hard/crtbegin.o

.rodata         0x0000000008000b5c        0xc
                0x0000000008000b5c                . = ALIGN (0x4)
 *(.rodata)
 .rodata        0x0000000008000b5c        0xc Src/SPI_testing.o
 *(.rodata*)
                0x0000000008000b68                . = ALIGN (0x4)

.rel.dyn        0x0000000008000b68        0x0
 .rel.iplt      0x0000000008000b68        0x0 /Applications/STM32CubeIDE.app/Contents/Eclipse/plugins/com.st.stm32cube.ide.mcu.externaltools.gnu-tools-for-stm32.7-2018-q2-update.macos64_1.0.0.201904181610/tools/bin/../lib/gcc/arm-none-eabi/7.3.1/thumb/v7e-m/fpv4-sp/hard/crtbegin.o

.ARM.extab      0x0000000008000b68        0x0
                0x0000000008000b68                . = ALIGN (0x4)
 *(.ARM.extab* .gnu.linkonce.armextab.*)
                0x0000000008000b68                . = ALIGN (0x4)

.ARM            0x0000000008000b68        0x0
                0x0000000008000b68                . = ALIGN (0x4)
                0x0000000008000b68                __exidx_start = .
 *(.ARM.exidx*)
                0x0000000008000b68                __exidx_end = .
                0x0000000008000b68                . = ALIGN (0x4)

.preinit_array  0x0000000008000b68        0x0
                0x0000000008000b68                . = ALIGN (0x4)
                0x0000000008000b68                PROVIDE (__preinit_array_start = .)
 *(.preinit_array*)
                0x0000000008000b68                PROVIDE (__preinit_array_end = .)
                0x0000000008000b68                . = ALIGN (0x4)

.init_array     0x0000000008000b68        0x4
                0x0000000008000b68                . = ALIGN (0x4)
                0x0000000008000b68                PROVIDE (__init_array_start = .)
 *(SORT_BY_NAME(.init_array.*))
 *(.init_array*)
 .init_array    0x0000000008000b68        0x4 /Applications/STM32CubeIDE.app/Contents/Eclipse/plugins/com.st.stm32cube.ide.mcu.externaltools.gnu-tools-for-stm32.7-2018-q2-update.macos64_1.0.0.201904181610/tools/bin/../lib/gcc/arm-none-eabi/7.3.1/thumb/v7e-m/fpv4-sp/hard/crtbegin.o
                0x0000000008000b6c                PROVIDE (__init_array_end = .)
                0x0000000008000b6c                . = ALIGN (0x4)

.fini_array     0x0000000008000b6c        0x4
                0x0000000008000b6c                . = ALIGN (0x4)
                [!provide]                        PROVIDE (__fini_array_start = .)
 *(SORT_BY_NAME(.fini_array.*))
 *(.fini_array*)
 .fini_array    0x0000000008000b6c        0x4 /Applications/STM32CubeIDE.app/Contents/Eclipse/plugins/com.st.stm32cube.ide.mcu.externaltools.gnu-tools-for-stm32.7-2018-q2-update.macos64_1.0.0.201904181610/tools/bin/../lib/gcc/arm-none-eabi/7.3.1/thumb/v7e-m/fpv4-sp/hard/crtbegin.o
                [!provide]                        PROVIDE (__fini_array_end = .)
                0x0000000008000b70                . = ALIGN (0x4)
                0x0000000008000b70                _sidata = LOADADDR (.data)

.data           0x0000000020000000        0x0 load address 0x0000000008000b70
                0x0000000020000000                . = ALIGN (0x4)
                0x0000000020000000                _sdata = .
 *(.data)
 *(.data*)
                0x0000000020000000                . = ALIGN (0x4)
                0x0000000020000000                _edata = .

.igot.plt       0x0000000020000000        0x0 load address 0x0000000008000b70
 .igot.plt      0x0000000020000000        0x0 /Applications/STM32CubeIDE.app/Contents/Eclipse/plugins/com.st.stm32cube.ide.mcu.externaltools.gnu-tools-for-stm32.7-2018-q2-update.macos64_1.0.0.201904181610/tools/bin/../lib/gcc/arm-none-eabi/7.3.1/thumb/v7e-m/fpv4-sp/hard/crtbegin.o
                0x0000000020000000                . = ALIGN (0x4)

.bss            0x0000000020000000       0x1c load address 0x0000000008000b70
                0x0000000020000000                _sbss = .
                0x0000000020000000                __bss_start__ = _sbss
 *(.bss)
 .bss           0x0000000020000000       0x1c /Applications/STM32CubeIDE.app/Contents/Eclipse/plugins/com.st.stm32cube.ide.mcu.externaltools.gnu-tools-for-stm32.7-2018-q2-update.macos64_1.0.0.201904181610/tools/bin/../lib/gcc/arm-none-eabi/7.3.1/thumb/v7e-m/fpv4-sp/hard/crtbegin.o
 *(.bss*)
 *(COMMON)
                0x000000002000001c                . = ALIGN (0x4)
                0x000000002000001c                _ebss = .
                0x000000002000001c                __bss_end__ = _ebss

._user_heap_stack
                0x000000002000001c      0x604 load address 0x0000000008000b70
                0x0000000020000020                . = ALIGN (0x8)
 *fill*         0x000000002000001c        0x4 
                0x0000000020000020                PROVIDE (end = .)
                [!provide]                        PROVIDE (_end = .)
                0x0000000020000220                . = (. + _Min_Heap_Size)
 *fill*         0x0000000020000020      0x200 
                0x0000000020000620                . = (. + _Min_Stack_Size)
 *fill*         0x0000000020000220      0x400 
                0x0000000020000620                . = ALIGN (0x8)

/DISCARD/
 libc.a(*)
 libm.a(*)
 libgcc.a(*)

.ARM.attributes
                0x0000000000000000       0x30
 *(.ARM.attributes)
 .ARM.attributes
                0x0000000000000000       0x22 /Applications/STM32CubeIDE.app/Contents/Eclipse/plugins/com.st.stm32cube.ide.mcu.externaltools.gnu-tools-for-stm32.7-2018-q2-update.macos64_1.0.0.201904181610/tools/bin/../lib/gcc/arm-none-eabi/7.3.1/thumb/v7e-m/fpv4-sp/hard/crti.o
 .ARM.attributes
                0x0000000000000022       0x34 /Applications/STM32CubeIDE.app/Contents/Eclipse/plugins/com.st.stm32cube.ide.mcu.externaltools.gnu-tools-for-stm32.7-2018-q2-update.macos64_1.0.0.201904181610/tools/bin/../lib/gcc/arm-none-eabi/7.3.1/thumb/v7e-m/fpv4-sp/hard/crtbegin.o
 .ARM.attributes
                0x0000000000000056       0x39 Src/001ledtoggle.o
 .ARM.attributes
                0x000000000000008f       0x39 Src/SPI_testing.o
 .ARM.attributes
                0x00000000000000c8       0x21 Startup/startup_stm32f407vgtx.o
 .ARM.attributes
                0x00000000000000e9       0x39 drivers/src/st32f407xx_gpio_driver.o
 .ARM.attributes
                0x0000000000000122       0x39 drivers/src/stm32f407_spi_driver.o
 .ARM.attributes
                0x000000000000015b       0x34 /Applications/STM32CubeIDE.app/Contents/Eclipse/plugins/com.st.stm32cube.ide.mcu.externaltools.gnu-tools-for-stm32.7-2018-q2-update.macos64_1.0.0.201904181610/tools/bin/../lib/gcc/arm-none-eabi/7.3.1/../../../../arm-none-eabi/lib/thumb/v7e-m/fpv4-sp/hard/libc_nano.a(lib_a-init.o)
 .ARM.attributes
                0x000000000000018f       0x1b /Applications/STM32CubeIDE.app/Contents/Eclipse/plugins/com.st.stm32cube.ide.mcu.externaltools.gnu-tools-for-stm32.7-2018-q2-update.macos64_1.0.0.201904181610/tools/bin/../lib/gcc/arm-none-eabi/7.3.1/../../../../arm-none-eabi/lib/thumb/v7e-m/fpv4-sp/hard/libc_nano.a(lib_a-strlen.o)
 .ARM.attributes
                0x00000000000001aa       0x22 /Applications/STM32CubeIDE.app/Contents/Eclipse/plugins/com.st.stm32cube.ide.mcu.externaltools.gnu-tools-for-stm32.7-2018-q2-update.macos64_1.0.0.201904181610/tools/bin/../lib/gcc/arm-none-eabi/7.3.1/thumb/v7e-m/fpv4-sp/hard/crtn.o
OUTPUT(stm32f4xx_drivers.elf elf32-littlearm)

.debug_info     0x0000000000000000     0x1cb0
 .debug_info    0x0000000000000000      0x245 Src/001ledtoggle.o
 .debug_info    0x0000000000000245      0xbb5 Src/SPI_testing.o
 .debug_info    0x0000000000000dfa       0x22 Startup/startup_stm32f407vgtx.o
 .debug_info    0x0000000000000e1c      0x719 drivers/src/st32f407xx_gpio_driver.o
 .debug_info    0x0000000000001535      0x77b drivers/src/stm32f407_spi_driver.o

.debug_abbrev   0x0000000000000000      0x58d
 .debug_abbrev  0x0000000000000000      0x11c Src/001ledtoggle.o
 .debug_abbrev  0x000000000000011c      0x1a6 Src/SPI_testing.o
 .debug_abbrev  0x00000000000002c2       0x12 Startup/startup_stm32f407vgtx.o
 .debug_abbrev  0x00000000000002d4      0x13a drivers/src/st32f407xx_gpio_driver.o
 .debug_abbrev  0x000000000000040e      0x17f drivers/src/stm32f407_spi_driver.o

.debug_aranges  0x0000000000000000      0x198
 .debug_aranges
                0x0000000000000000       0x38 Src/001ledtoggle.o
 .debug_aranges
                0x0000000000000038       0x30 Src/SPI_testing.o
 .debug_aranges
                0x0000000000000068       0x28 Startup/startup_stm32f407vgtx.o
 .debug_aranges
                0x0000000000000090       0x70 drivers/src/st32f407xx_gpio_driver.o
 .debug_aranges
                0x0000000000000100       0x98 drivers/src/stm32f407_spi_driver.o

.debug_ranges   0x0000000000000000      0x150
 .debug_ranges  0x0000000000000000       0x28 Src/001ledtoggle.o
 .debug_ranges  0x0000000000000028       0x20 Src/SPI_testing.o
 .debug_ranges  0x0000000000000048       0x20 Startup/startup_stm32f407vgtx.o
 .debug_ranges  0x0000000000000068       0x60 drivers/src/st32f407xx_gpio_driver.o
 .debug_ranges  0x00000000000000c8       0x88 drivers/src/stm32f407_spi_driver.o

.debug_macro    0x0000000000000000     0x2299
 .debug_macro   0x0000000000000000       0xa7 Src/001ledtoggle.o
 .debug_macro   0x00000000000000a7      0xa66 Src/001ledtoggle.o
 .debug_macro   0x0000000000000b0d       0x22 Src/001ledtoggle.o
 .debug_macro   0x0000000000000b2f       0x8e Src/001ledtoggle.o
 .debug_macro   0x0000000000000bbd       0x51 Src/001ledtoggle.o
 .debug_macro   0x0000000000000c0e       0xef Src/001ledtoggle.o
 .debug_macro   0x0000000000000cfd       0x6a Src/001ledtoggle.o
 .debug_macro   0x0000000000000d67      0x1df Src/001ledtoggle.o
 .debug_macro   0x0000000000000f46      0x174 Src/001ledtoggle.o
 .debug_macro   0x00000000000010ba      0x50d Src/001ledtoggle.o
 .debug_macro   0x00000000000015c7       0xd6 Src/001ledtoggle.o
 .debug_macro   0x000000000000169d       0xca Src/001ledtoggle.o
 .debug_macro   0x0000000000001767       0xd6 Src/001ledtoggle.o
 .debug_macro   0x000000000000183d      0x164 Src/SPI_testing.o
 .debug_macro   0x00000000000019a1       0x46 Src/SPI_testing.o
 .debug_macro   0x00000000000019e7       0x18 Src/SPI_testing.o
 .debug_macro   0x00000000000019ff       0x3c Src/SPI_testing.o
 .debug_macro   0x0000000000001a3b       0x34 Src/SPI_testing.o
 .debug_macro   0x0000000000001a6f       0x52 Src/SPI_testing.o
 .debug_macro   0x0000000000001ac1       0x1f Src/SPI_testing.o
 .debug_macro   0x0000000000001ae0       0x43 Src/SPI_testing.o
 .debug_macro   0x0000000000001b23       0x20 Src/SPI_testing.o
 .debug_macro   0x0000000000001b43      0x1a3 Src/SPI_testing.o
 .debug_macro   0x0000000000001ce6      0x330 Src/SPI_testing.o
 .debug_macro   0x0000000000002016       0x10 Src/SPI_testing.o
 .debug_macro   0x0000000000002026       0x35 Src/SPI_testing.o
 .debug_macro   0x000000000000205b       0x20 Src/SPI_testing.o
 .debug_macro   0x000000000000207b       0xad drivers/src/st32f407xx_gpio_driver.o
 .debug_macro   0x0000000000002128       0xc4 drivers/src/st32f407xx_gpio_driver.o
 .debug_macro   0x00000000000021ec       0xad drivers/src/stm32f407_spi_driver.o

.debug_line     0x0000000000000000     0x1891
 .debug_line    0x0000000000000000      0x4cd Src/001ledtoggle.o
 .debug_line    0x00000000000004cd      0x612 Src/SPI_testing.o
 .debug_line    0x0000000000000adf       0x84 Startup/startup_stm32f407vgtx.o
 .debug_line    0x0000000000000b63      0x6bd drivers/src/st32f407xx_gpio_driver.o
 .debug_line    0x0000000000001220      0x671 drivers/src/stm32f407_spi_driver.o

.debug_str      0x0000000000000000     0x94e7
 .debug_str     0x0000000000000000     0x601e Src/001ledtoggle.o
                                       0x621d (size before relaxing)
 .debug_str     0x000000000000601e     0x306e Src/SPI_testing.o
                                       0x92a9 (size before relaxing)
 .debug_str     0x000000000000908c       0x31 Startup/startup_stm32f407vgtx.o
                                         0x77 (size before relaxing)
 .debug_str     0x00000000000090bd      0x2cb drivers/src/st32f407xx_gpio_driver.o
                                       0x64bb (size before relaxing)
 .debug_str     0x0000000000009388      0x15f drivers/src/stm32f407_spi_driver.o
                                       0x64cd (size before relaxing)

.comment        0x0000000000000000       0x7b
 .comment       0x0000000000000000       0x7b Src/001ledtoggle.o
                                         0x7c (size before relaxing)
 .comment       0x000000000000007b       0x7c Src/SPI_testing.o
 .comment       0x000000000000007b       0x7c drivers/src/st32f407xx_gpio_driver.o
 .comment       0x000000000000007b       0x7c drivers/src/stm32f407_spi_driver.o

.debug_frame    0x0000000000000000      0x580
 .debug_frame   0x0000000000000000       0x9c Src/001ledtoggle.o
 .debug_frame   0x000000000000009c       0x78 Src/SPI_testing.o
 .debug_frame   0x0000000000000114      0x1c8 drivers/src/st32f407xx_gpio_driver.o
 .debug_frame   0x00000000000002dc      0x278 drivers/src/stm32f407_spi_driver.o
 .debug_frame   0x0000000000000554       0x2c /Applications/STM32CubeIDE.app/Contents/Eclipse/plugins/com.st.stm32cube.ide.mcu.externaltools.gnu-tools-for-stm32.7-2018-q2-update.macos64_1.0.0.201904181610/tools/bin/../lib/gcc/arm-none-eabi/7.3.1/../../../../arm-none-eabi/lib/thumb/v7e-m/fpv4-sp/hard/libc_nano.a(lib_a-init.o)
